[Licensing::Module] Trying to connect to existing licensing client channel...
Built from '6000.3/staging' branch; Version is '6000.3.4f1 (fdd3b8998ec4) revision 16634808'; Using compiler version '194234433'; Build Type 'Release'
[Licensing::IpcConnector] Successfully connected to: "LicenseClient-ajffj" at "2026-01-20T14:06:28.0712927Z"
OS: 'Windows 10  (10.0.19045) 64bit Professional' Language: 'ko' Physical Memory: 65266 MB
BatchMode: 1, IsHumanControllingUs: 0, StartBugReporterOnCrash: 0, Is64bit: 1
System  architecture: x64
Process architecture: x64
Date: 2026-01-20T14:06:28Z
[Licensing::Client] Code 10 while verifying Licensing Client signature (process Id: 11588, path: "E:/Unity/Unity Hub/UnityLicensingClient_V1/Unity.Licensing.Client.exe")
[Licensing::Module] LicensingClient has failed validation; ignoring
[Licensing::Client] Error: HandshakeResponse reported an error:
	ResponseCode: 505
	ResponseStatus: Unsupported protocol version '1.17.4'.
[Licensing::Module] Error: Failed to handshake to channel: "LicenseClient-ajffj"
[Licensing::IpcConnector] LicenseClient-ajffj channel disconnected successfully.
[Licensing::IpcConnector] Successfully connected to: "LicenseClient-ajffj-6000.3.4" at "2026-01-20T14:06:28.1113466Z"

COMMAND LINE ARGUMENTS:
C:\Program Files\Unity\Hub\Editor\6000.3.4f1\Editor\Unity.exe
-adb2
-batchMode
-noUpm
-name
AssetImportWorker5
-projectPath
E:/Unity/TPS_Project/TpsProject
-logFile
Logs/AssetImportWorker5.log
-srvPort
14778
-licensingIpc
LicenseClient-ajffj
-job-worker-count
11
-background-job-worker-count
8
-gc-helper-count
1
-name
AssetImport
Successfully changed project path to: E:/Unity/TPS_Project/TpsProject
E:/Unity/TPS_Project/TpsProject
[UnityMemory] Configuration Parameters - Can be set up in boot.config
    "memorysetup-temp-allocator-size-nav-mesh-worker=65536"
    "memorysetup-temp-allocator-size-audio-worker=65536"
    "memorysetup-temp-allocator-size-gfx=262144"
    "memorysetup-allocator-temp-initial-block-size-main=262144"
    "memorysetup-allocator-temp-initial-block-size-worker=262144"
    "memorysetup-temp-allocator-size-background-worker=32768"
    "memorysetup-temp-allocator-size-job-worker=262144"
    "memorysetup-temp-allocator-size-preload-manager=33554432"
    "memorysetup-temp-allocator-size-gi-baking-worker=262144"
    "memorysetup-temp-allocator-size-gi-baking-worker=262144"
    "memorysetup-temp-allocator-size-gi-baking-worker=262144"
    "memorysetup-temp-allocator-size-gi-baking-worker=262144"
    "memorysetup-temp-allocator-size-gi-baking-worker=262144"
    "memorysetup-bucket-allocator-granularity=16"
    "memorysetup-bucket-allocator-bucket-count=8"
    "memorysetup-bucket-allocator-block-size=33554432"
    "memorysetup-bucket-allocator-block-count=8"
    "memorysetup-main-allocator-block-size=16777216"
    "memorysetup-thread-allocator-block-size=16777216"
    "memorysetup-gfx-main-allocator-block-size=16777216"
    "memorysetup-gfx-thread-allocator-block-size=16777216"
    "memorysetup-cache-allocator-block-size=4194304"
    "memorysetup-typetree-allocator-block-size=2097152"
    "memorysetup-profiler-bucket-allocator-granularity=16"
    "memorysetup-profiler-bucket-allocator-bucket-count=8"
    "memorysetup-profiler-bucket-allocator-block-size=33554432"
    "memorysetup-profiler-bucket-allocator-block-count=8"
    "memorysetup-profiler-allocator-block-size=16777216"
    "memorysetup-profiler-editor-allocator-block-size=1048576"
    "memorysetup-temp-allocator-size-main=16777216"
    "memorysetup-job-temp-allocator-block-size=2097152"
    "memorysetup-job-temp-allocator-block-size-background=1048576"
    "memorysetup-job-temp-allocator-reduction-small-platforms=262144"
    "memorysetup-temp-allocator-size-cloud-worker=32768"
Player connection [20468]  Target information:

Player connection [20468]  * "[IP] 192.168.0.3 [Port] 0 [Flags] 2 [Guid] 3817707208 [EditorId] 3817707208 [Version] 1048832 [Id] WindowsEditor(7,DESKTOP-3QPCFMO) [Debug] 1 [PackageName] WindowsEditor [ProjectName] Editor" 

Player connection [20468] Host joined multi-casting on [225.0.0.222:54997]...
Player connection [20468] Host joined alternative multi-casting on [225.0.0.222:34997]...
JobSystem: Creating JobQueue using job-worker-count value 11
Input System module state changed to: Initialized.
[Physics::Module] Initialized fallback backend.
[Physics::Module] Id: 0xdecafbad
Library Redirect Path: Library/
[Physics::Module] Selected backend.
[Physics::Module] Name: PhysX
[Physics::Module] Id: 0xf2b8ea05
[Physics::Module] SDK Version: 4.1.2
[Physics::Module] Integration Version: 1.0.0
[Physics::Module] Threading Mode: Multi-Threaded
Refreshing native plugins compatible for Editor in 1.92 ms, found 3 plugins.
Preloading 0 native plugins for Editor in 0.00 ms.
Initialize engine version: 6000.3.4f1 (fdd3b8998ec4)
[Subsystems] Discovering subsystems at path C:/Program Files/Unity/Hub/Editor/6000.3.4f1/Editor/Data/Resources/UnitySubsystems
[Subsystems] Discovering subsystems at path E:/Unity/TPS_Project/TpsProject/Assets
GfxDevice: creating device client; kGfxThreadingModeNonThreaded
Direct3D:
    Version:  Direct3D 11.0 [level 11.1]
    Renderer: NVIDIA GeForce RTX 3070 (ID=0x2484)
    Vendor:   NVIDIA
    VRAM:     8018 MB
    Driver:   32.0.15.6094
Initialize mono
Mono path[0] = 'C:/Program Files/Unity/Hub/Editor/6000.3.4f1/Editor/Data/Managed'
Mono path[1] = 'C:/Program Files/Unity/Hub/Editor/6000.3.4f1/Editor/Data/MonoBleedingEdge/lib/mono/unityjit-win32'
Mono config path = 'C:/Program Files/Unity/Hub/Editor/6000.3.4f1/Editor/Data/MonoBleedingEdge/etc'
Using monoOptions --debugger-agent=transport=dt_socket,embedding=1,server=y,suspend=n,address=127.0.0.1:56428
Begin MonoManager ReloadAssembly
Registering precompiled unity dll's ...
Register platform support module: C:/Program Files/Unity/Hub/Editor/6000.3.4f1/Editor/Data/PlaybackEngines/WindowsStandaloneSupport/UnityEditor.WindowsStandalone.Extensions.dll
Registered in 0.003689 seconds.
- Loaded All Assemblies, in  0.400 seconds
Native extension for WindowsStandalone target not found
[Licensing::Client] Handshaking with LicensingClient:
  Version:                 1.17.4+4293ba1
  Session Id:              eba38a5656e94d62873731040ea535b4
  Correlation Id:          d621553f233942498f8c522d7b7beade
  External correlation Id: 6704776011840873730
  Machine Id:              ouDybNeKQ4MKA3p59FGzkj9dEv0=
[Licensing::Module] Successfully connected to LicensingClient on channel: "LicenseClient-ajffj-6000.3.4" (connect: 0.00s, validation: 0.00s, handshake: 0.98s)
[Licensing::IpcConnector] Successfully connected to: "LicenseClient-ajffj-6000.3.4-notifications" at "2026-01-20T14:06:29.0879091Z"
[Licensing::Module] Licensing Background thread has ended after 1.02s
ScheduleIndexationOnStartup MainProcess:False IndexOnStartup:True
Mono: successfully reloaded assembly
- Finished resetting the current domain, in  0.331 seconds
Domain Reload Profiling: 720ms
	BeginReloadAssembly (151ms)
		ExecutionOrderSort (0ms)
		DisableScriptedObjects (0ms)
		BackupInstance (0ms)
		ReleaseScriptingObjects (0ms)
		CreateAndSetChildDomain (1ms)
	RebuildCommonClasses (30ms)
	RebuildNativeTypeToScriptingClass (11ms)
	initialDomainReloadingComplete (53ms)
	LoadAllAssembliesAndSetupDomain (144ms)
		LoadAssemblies (142ms)
		RebuildTransferFunctionScriptingTraits (0ms)
		AnalyzeDomain (140ms)
			TypeCache.Refresh (139ms)
				TypeCache.ScanAssembly (128ms)
			BuildScriptInfoCaches (0ms)
			ResolveRequiredComponents (0ms)
	FinalizeReload (331ms)
		ReleaseScriptCaches (0ms)
		RebuildScriptCaches (0ms)
		SetupLoadedEditorAssemblies (294ms)
			LogAssemblyErrors (0ms)
			InitializePlatformSupportModulesInManaged (46ms)
			SetLoadedEditorAssemblies (3ms)
			BeforeProcessingInitializeOnLoad (71ms)
			ProcessInitializeOnLoadAttributes (121ms)
			ProcessInitializeOnLoadMethodAttributes (53ms)
			AfterProcessingInitializeOnLoad (0ms)
			EditorAssembliesLoaded (0ms)
		ExecutionOrderSort2 (0ms)
		AwakeInstancesAfterBackupRestoration (0ms)
========================================================================
Worker process is ready to serve import requests
Import Worker Mode flag is 0x00
Begin MonoManager ReloadAssembly
[Licensing::Client] Successfully resolved entitlement details
[Licensing::Module] License group:
  Id: F4-8WTT-9PPR-MVDQ-FTKW-XXXX
  Product: Unity Personal
  Type: ULF
  Expiration: 2026-02-26T14:26:30Z
[Licensing::Module] License group:
  Id: 14568646326981-UnityPersXXXX
  Product: Unity Personal
  Type: Assigned
  Expiration: Unlimited
- Loaded All Assemblies, in  0.622 seconds
Refreshing native plugins compatible for Editor in 0.82 ms, found 3 plugins.
Native extension for WindowsStandalone target not found
Package Manager log level set to [2]
[Package Manager] Failed to launch server process. Reason: Unity was launched with the -noUpm command-line argument
[Package Manager] Unable to send message (not connected to server process).
[Package Manager] Cannot connect to Unity Package Manager local server
ScheduleIndexationOnStartup MainProcess:False IndexOnStartup:True
Mono: successfully reloaded assembly
- Finished resetting the current domain, in  0.525 seconds
Domain Reload Profiling: 1140ms
	BeginReloadAssembly (163ms)
		ExecutionOrderSort (0ms)
		DisableScriptedObjects (4ms)
		BackupInstance (0ms)
		ReleaseScriptingObjects (0ms)
		CreateAndSetChildDomain (26ms)
	RebuildCommonClasses (25ms)
	RebuildNativeTypeToScriptingClass (9ms)
	initialDomainReloadingComplete (41ms)
	LoadAllAssembliesAndSetupDomain (376ms)
		LoadAssemblies (319ms)
		RebuildTransferFunctionScriptingTraits (0ms)
		AnalyzeDomain (155ms)
			TypeCache.Refresh (118ms)
				TypeCache.ScanAssembly (107ms)
			BuildScriptInfoCaches (29ms)
			ResolveRequiredComponents (6ms)
	FinalizeReload (525ms)
		ReleaseScriptCaches (0ms)
		RebuildScriptCaches (0ms)
		SetupLoadedEditorAssemblies (391ms)
			LogAssemblyErrors (0ms)
			InitializePlatformSupportModulesInManaged (1ms)
			SetLoadedEditorAssemblies (3ms)
			BeforeProcessingInitializeOnLoad (108ms)
			ProcessInitializeOnLoadAttributes (227ms)
			ProcessInitializeOnLoadMethodAttributes (42ms)
			AfterProcessingInitializeOnLoad (9ms)
			EditorAssembliesLoaded (0ms)
		ExecutionOrderSort2 (0ms)
		AwakeInstancesAfterBackupRestoration (5ms)
Launched and connected shader compiler UnityShaderCompiler.exe after 0.01 seconds
Refreshing native plugins compatible for Editor in 1.08 ms, found 3 plugins.
Preloading 0 native plugins for Editor in 0.00 ms.
Unloading 16 Unused Serialized files (Serialized files now loaded: 0)
Unloading 6223 unused Assets / (4.9 MB). Loaded Objects now: 7024.
Memory consumption went from 152.9 MB to 148.0 MB.
Total: 13.011900 ms (FindLiveObjects: 1.165600 ms CreateObjectMapping: 1.238000 ms MarkObjects: 7.426900 ms  DeleteObjects: 3.180000 ms)

========================================================================
Received Import Request.
  Time since last request: 26898.664141 seconds.
  path: Assets/SciFiWarriorPBRHPPolyart/Textures/PBR_Free_NM.png
  artifactKey: Guid(a5798ba7ff8d7984c9b50981d6dd8e6b) Importer(815301076,1909f56bfc062723c751e8b465ee728b)
Start importing Assets/SciFiWarriorPBRHPPolyart/Textures/PBR_Free_NM.png using Guid(a5798ba7ff8d7984c9b50981d6dd8e6b) Importer(815301076,1909f56bfc062723c751e8b465ee728b) (PreviewImporter) -> (artifact id: '6bc4e1074d62371eddf730cf16f5ccd7') in 0.0749445 seconds
Number of updated asset objects reloaded before import = 0Number of asset objects unloaded after import = 2

========================================================================
Received Import Request.
  Time since last request: 234.128480 seconds.
  path: Assets/SciFiWarriorPBRHPPolyart/Materials/HP_Albedo.mat
  artifactKey: Guid(d46bb2596a5144d41a9635a08ac94504) Importer(815301076,1909f56bfc062723c751e8b465ee728b)
Start importing Assets/SciFiWarriorPBRHPPolyart/Materials/HP_Albedo.mat using Guid(d46bb2596a5144d41a9635a08ac94504) Importer(815301076,1909f56bfc062723c751e8b465ee728b) (PreviewImporter) -> (artifact id: 'de3d97a435917953244057e7145928b1') in 0.290414 seconds
Number of updated asset objects reloaded before import = 0Number of asset objects unloaded after import = 2

========================================================================
Received Import Request.
  Time since last request: 0.000022 seconds.
  path: Assets/SciFiWarriorPBRHPPolyart/Materials/Polyart.mat
  artifactKey: Guid(78660c09ff101ea4cb77de408a9527da) Importer(815301076,1909f56bfc062723c751e8b465ee728b)
Start importing Assets/SciFiWarriorPBRHPPolyart/Materials/Polyart.mat using Guid(78660c09ff101ea4cb77de408a9527da) Importer(815301076,1909f56bfc062723c751e8b465ee728b) (PreviewImporter) -> (artifact id: 'a06cde9be11ae40708f446626c21721c') in 0.0154687 seconds
Number of updated asset objects reloaded before import = 0Number of asset objects unloaded after import = 3

========================================================================
Received Import Request.
  Time since last request: 0.000029 seconds.
  path: Assets/SciFiWarriorPBRHPPolyart/Materials/Stage.mat
  artifactKey: Guid(3e0aeba26bb4b6344ab4cd1419b6a1f5) Importer(815301076,1909f56bfc062723c751e8b465ee728b)
Start importing Assets/SciFiWarriorPBRHPPolyart/Materials/Stage.mat using Guid(3e0aeba26bb4b6344ab4cd1419b6a1f5) Importer(815301076,1909f56bfc062723c751e8b465ee728b) (PreviewImporter) -> (artifact id: 'efd9ea982fce2c62d7674f2136bf71f3') in 0.0343489 seconds
Number of updated asset objects reloaded before import = 0Number of asset objects unloaded after import = 1

========================================================================
Received Import Request.
  Time since last request: 0.000036 seconds.
  path: Assets/SciFiWarriorPBRHPPolyart/Materials/PBR.mat
  artifactKey: Guid(1666fb81395f51e4293b01cca8f58481) Importer(815301076,1909f56bfc062723c751e8b465ee728b)
Start importing Assets/SciFiWarriorPBRHPPolyart/Materials/PBR.mat using Guid(1666fb81395f51e4293b01cca8f58481) Importer(815301076,1909f56bfc062723c751e8b465ee728b) (PreviewImporter) -> (artifact id: 'b34ecad2dac6b355c48ddf76bd02b9ac') in 0.0299677 seconds
Number of updated asset objects reloaded before import = 0Number of asset objects unloaded after import = 6

========================================================================
Received Import Request.
  Time since last request: 0.000022 seconds.
  path: Assets/SciFiWarriorPBRHPPolyart/Scene/DemoScene01.unity
  artifactKey: Guid(8fe35caa59ef2f24ea973c1926e5d6ac) Importer(2089858483,b0f066a214c2f5e87bad3c948f4d605d)
Start importing Assets/SciFiWarriorPBRHPPolyart/Scene/DemoScene01.unity using Guid(8fe35caa59ef2f24ea973c1926e5d6ac) Importer(2089858483,b0f066a214c2f5e87bad3c948f4d605d) (ScriptedImporter) -> (artifact id: '323abb42a4beba94c689a21f1ecd856f') in 0.0425537 seconds
Number of updated asset objects reloaded before import = 0Number of asset objects unloaded after import = 1

========================================================================
Received Import Request.
  Time since last request: 0.000019 seconds.
  path: Assets/SciFiWarriorPBRHPPolyart/Mesh/Polyart_Mesh.fbx
  artifactKey: Guid(860793eb3324391468f1c120a75ec049) Importer(2089858483,b0f066a214c2f5e87bad3c948f4d605d)
Start importing Assets/SciFiWarriorPBRHPPolyart/Mesh/Polyart_Mesh.fbx using Guid(860793eb3324391468f1c120a75ec049) Importer(2089858483,b0f066a214c2f5e87bad3c948f4d605d) (ScriptedImporter) -> (artifact id: 'd8ac85a715f1bb2c0cdf973fc10eec05') in 0.0836433 seconds
Number of updated asset objects reloaded before import = 0Number of asset objects unloaded after import = 146

========================================================================
Received Import Request.
  Time since last request: 0.000026 seconds.
  path: Assets/SciFiWarriorPBRHPPolyart/Prefabs
  artifactKey: Guid(d6042bd1068196e4e985966cfa6f0891) Importer(2089858483,b0f066a214c2f5e87bad3c948f4d605d)
Start importing Assets/SciFiWarriorPBRHPPolyart/Prefabs using Guid(d6042bd1068196e4e985966cfa6f0891) Importer(2089858483,b0f066a214c2f5e87bad3c948f4d605d) (ScriptedImporter) -> (artifact id: '38ea33352a2b9262f6e2d8f99d294ccb') in 0.0083671 seconds
Number of updated asset objects reloaded before import = 0Number of asset objects unloaded after import = 1

========================================================================
Received Import Request.
  Time since last request: 0.000028 seconds.
  path: Assets/SciFiWarriorPBRHPPolyart/Animations/Reload.fbx
  artifactKey: Guid(45b9c258f262e844e8f5316722fc04c6) Importer(2089858483,b0f066a214c2f5e87bad3c948f4d605d)
Start importing Assets/SciFiWarriorPBRHPPolyart/Animations/Reload.fbx using Guid(45b9c258f262e844e8f5316722fc04c6) Importer(2089858483,b0f066a214c2f5e87bad3c948f4d605d) (ScriptedImporter) -> (artifact id: 'ef3c7d3696e2be2355677df0e30402ab') in 0.0315792 seconds
Number of updated asset objects reloaded before import = 0Number of asset objects unloaded after import = 151

========================================================================
Received Import Request.
  Time since last request: 0.000020 seconds.
  path: Assets/SciFiWarriorPBRHPPolyart/Materials/Skybox_Mat.mat
  artifactKey: Guid(cb367fce222f8c644a223c3021709347) Importer(2089858483,b0f066a214c2f5e87bad3c948f4d605d)
Start importing Assets/SciFiWarriorPBRHPPolyart/Materials/Skybox_Mat.mat using Guid(cb367fce222f8c644a223c3021709347) Importer(2089858483,b0f066a214c2f5e87bad3c948f4d605d) (ScriptedImporter) -> (artifact id: '877d5dde10c815bb0c67aad329a6294e') in 0.0141596 seconds
Number of updated asset objects reloaded before import = 0Number of asset objects unloaded after import = 1

========================================================================
Received Import Request.
  Time since last request: 0.000020 seconds.
  path: Assets/SciFiWarriorPBRHPPolyart/Mesh/Stage.fbx
  artifactKey: Guid(e531111ac2ce99b44812814430f75185) Importer(2089858483,b0f066a214c2f5e87bad3c948f4d605d)
Start importing Assets/SciFiWarriorPBRHPPolyart/Mesh/Stage.fbx using Guid(e531111ac2ce99b44812814430f75185) Importer(2089858483,b0f066a214c2f5e87bad3c948f4d605d) (ScriptedImporter) -> (artifact id: 'e63e24ec2c1110fba8db0a3c5081463e') in 0.0228445 seconds
Number of updated asset objects reloaded before import = 0Number of asset objects unloaded after import = 7

========================================================================
Received Import Request.
  Time since last request: 0.000019 seconds.
  path: Assets/SciFiWarriorPBRHPPolyart/Mesh/PBR_HP_Mesh.fbx
  artifactKey: Guid(5ae220fa0f79ffe41b0102a618febf5a) Importer(2089858483,b0f066a214c2f5e87bad3c948f4d605d)
Start importing Assets/SciFiWarriorPBRHPPolyart/Mesh/PBR_HP_Mesh.fbx using Guid(5ae220fa0f79ffe41b0102a618febf5a) Importer(2089858483,b0f066a214c2f5e87bad3c948f4d605d) (ScriptedImporter) -> (artifact id: 'd6a6592134442c1ef1f9b8ac125da78c') in 0.0169167 seconds
Number of updated asset objects reloaded before import = 0Number of asset objects unloaded after import = 143

========================================================================
Received Import Request.
  Time since last request: 0.000021 seconds.
  path: Assets/SciFiWarriorPBRHPPolyart/Materials/HP_Albedo.mat
  artifactKey: Guid(d46bb2596a5144d41a9635a08ac94504) Importer(2089858483,b0f066a214c2f5e87bad3c948f4d605d)
Start importing Assets/SciFiWarriorPBRHPPolyart/Materials/HP_Albedo.mat using Guid(d46bb2596a5144d41a9635a08ac94504) Importer(2089858483,b0f066a214c2f5e87bad3c948f4d605d) (ScriptedImporter) -> (artifact id: '43a9ff9adf2ef4f77e4d0182150f4206') in 0.0122071 seconds
Number of updated asset objects reloaded before import = 0Number of asset objects unloaded after import = 2

========================================================================
Received Import Request.
  Time since last request: 0.000029 seconds.
  path: Assets/SciFiWarriorPBRHPPolyart/Materials
  artifactKey: Guid(c1db60ad879da434bb5bb32f740d7a4a) Importer(2089858483,b0f066a214c2f5e87bad3c948f4d605d)
Start importing Assets/SciFiWarriorPBRHPPolyart/Materials using Guid(c1db60ad879da434bb5bb32f740d7a4a) Importer(2089858483,b0f066a214c2f5e87bad3c948f4d605d) (ScriptedImporter) -> (artifact id: '6a9a975358b5301b2cd675334fe7fe6e') in 0.0098696 seconds
Number of updated asset objects reloaded before import = 0Number of asset objects unloaded after import = 1

========================================================================
Received Import Request.
  Time since last request: 0.000028 seconds.
  path: Assets/SciFiWarriorPBRHPPolyart/Scene
  artifactKey: Guid(1ff5021c339199449a068e57e6c272c2) Importer(2089858483,b0f066a214c2f5e87bad3c948f4d605d)
Start importing Assets/SciFiWarriorPBRHPPolyart/Scene using Guid(1ff5021c339199449a068e57e6c272c2) Importer(2089858483,b0f066a214c2f5e87bad3c948f4d605d) (ScriptedImporter) -> (artifact id: 'd9425e6693589ae5f78ad243b63d1ef4') in 0.0105708 seconds
Number of updated asset objects reloaded before import = 0Number of asset objects unloaded after import = 1

========================================================================
Received Import Request.
  Time since last request: 0.000019 seconds.
  path: Assets/SciFiWarriorPBRHPPolyart/Textures/PBR_Free_MS.png
  artifactKey: Guid(7e4a41389ffe24f458e5a1b4b6c554eb) Importer(2089858483,b0f066a214c2f5e87bad3c948f4d605d)
Start importing Assets/SciFiWarriorPBRHPPolyart/Textures/PBR_Free_MS.png using Guid(7e4a41389ffe24f458e5a1b4b6c554eb) Importer(2089858483,b0f066a214c2f5e87bad3c948f4d605d) (ScriptedImporter) -> (artifact id: '33d12062dfbd8e488dcefb1b02819124') in 0.0313921 seconds
Number of updated asset objects reloaded before import = 0Number of asset objects unloaded after import = 1

========================================================================
Received Import Request.
  Time since last request: 0.000020 seconds.
  path: Assets/SciFiWarriorPBRHPPolyart/Animations/Shoot_SingleShot_AR.fbx
  artifactKey: Guid(7e58f38d10fcc9a498d348e7339ce3ec) Importer(2089858483,b0f066a214c2f5e87bad3c948f4d605d)
Start importing Assets/SciFiWarriorPBRHPPolyart/Animations/Shoot_SingleShot_AR.fbx using Guid(7e58f38d10fcc9a498d348e7339ce3ec) Importer(2089858483,b0f066a214c2f5e87bad3c948f4d605d) (ScriptedImporter) -> (artifact id: '918809a1cd9dc3796619c39eabcd1ed8') in 0.0222222 seconds
Number of updated asset objects reloaded before import = 0Number of asset objects unloaded after import = 151

========================================================================
Received Import Request.
  Time since last request: 0.000019 seconds.
  path: Assets/SciFiWarriorPBRHPPolyart/Animations/Idle_Ducking_ar.fbx
  artifactKey: Guid(3ad7c5979f6586d4a9532a55492a0ebe) Importer(2089858483,b0f066a214c2f5e87bad3c948f4d605d)
Start importing Assets/SciFiWarriorPBRHPPolyart/Animations/Idle_Ducking_ar.fbx using Guid(3ad7c5979f6586d4a9532a55492a0ebe) Importer(2089858483,b0f066a214c2f5e87bad3c948f4d605d) (ScriptedImporter) -> (artifact id: 'c6336a61cd1fa1ba24d7237fcea1185e') in 0.0234764 seconds
Number of updated asset objects reloaded before import = 0Number of asset objects unloaded after import = 151

========================================================================
Received Import Request.
  Time since last request: 0.000024 seconds.
  path: Assets/SciFiWarriorPBRHPPolyart/Textures/Polyart.png
  artifactKey: Guid(6f23319fc780cdc43a22d23a4136c778) Importer(2089858483,b0f066a214c2f5e87bad3c948f4d605d)
Start importing Assets/SciFiWarriorPBRHPPolyart/Textures/Polyart.png using Guid(6f23319fc780cdc43a22d23a4136c778) Importer(2089858483,b0f066a214c2f5e87bad3c948f4d605d) (ScriptedImporter) -> (artifact id: 'd5c527ebe8c5137b7cadb73edb3cef70') in 0.0138769 seconds
Number of updated asset objects reloaded before import = 0Number of asset objects unloaded after import = 1

========================================================================
Received Import Request.
  Time since last request: 0.000030 seconds.
  path: Assets/SciFiWarriorPBRHPPolyart/Animations/Shoot_AutoShot_AR.fbx
  artifactKey: Guid(76a61eccc11250c4da8bd7f1d87fa2fe) Importer(2089858483,b0f066a214c2f5e87bad3c948f4d605d)
Start importing Assets/SciFiWarriorPBRHPPolyart/Animations/Shoot_AutoShot_AR.fbx using Guid(76a61eccc11250c4da8bd7f1d87fa2fe) Importer(2089858483,b0f066a214c2f5e87bad3c948f4d605d) (ScriptedImporter) -> (artifact id: '517e8c37a09a23e6fdb4141e07863cd0') in 0.0231942 seconds
Number of updated asset objects reloaded before import = 0Number of asset objects unloaded after import = 151

========================================================================
Received Import Request.
  Time since last request: 0.000020 seconds.
  path: Assets/SciFiWarriorPBRHPPolyart/promotion.jpg
  artifactKey: Guid(e8a466c997566b84c895066dbd56e130) Importer(2089858483,b0f066a214c2f5e87bad3c948f4d605d)
Start importing Assets/SciFiWarriorPBRHPPolyart/promotion.jpg using Guid(e8a466c997566b84c895066dbd56e130) Importer(2089858483,b0f066a214c2f5e87bad3c948f4d605d) (ScriptedImporter) -> (artifact id: 'e662d0ff341a8dd15a2708af720bc410') in 0.0115526 seconds
Number of updated asset objects reloaded before import = 0Number of asset objects unloaded after import = 1

========================================================================
Received Import Request.
  Time since last request: 0.000017 seconds.
  path: Assets/SciFiWarriorPBRHPPolyart/Animations/WalkRight_Shoot_ar.fbx
  artifactKey: Guid(e6a236f5b06f9cb44ae1ca8b50fcd8ca) Importer(2089858483,b0f066a214c2f5e87bad3c948f4d605d)
Start importing Assets/SciFiWarriorPBRHPPolyart/Animations/WalkRight_Shoot_ar.fbx using Guid(e6a236f5b06f9cb44ae1ca8b50fcd8ca) Importer(2089858483,b0f066a214c2f5e87bad3c948f4d605d) (ScriptedImporter) -> (artifact id: 'd77fcc34bc9e8f06f46c862c90af8e8c') in 0.0205546 seconds
Number of updated asset objects reloaded before import = 0Number of asset objects unloaded after import = 151

========================================================================
Received Import Request.
  Time since last request: 0.000020 seconds.
  path: Assets/SciFiWarriorPBRHPPolyart/Animations/Die.fbx
  artifactKey: Guid(d406f8f3cbe268f4e9d0234d45cca60c) Importer(2089858483,b0f066a214c2f5e87bad3c948f4d605d)
Start importing Assets/SciFiWarriorPBRHPPolyart/Animations/Die.fbx using Guid(d406f8f3cbe268f4e9d0234d45cca60c) Importer(2089858483,b0f066a214c2f5e87bad3c948f4d605d) (ScriptedImporter) -> (artifact id: '67ec61f087177908ce6d56051a952de3') in 0.0226614 seconds
Number of updated asset objects reloaded before import = 0Number of asset objects unloaded after import = 151

========================================================================
Received Import Request.
  Time since last request: 0.000017 seconds.
  path: Assets/Scripts/ThirdPersonCamera.cs
  artifactKey: Guid(bf9edf9c8d8695240961288746328bf1) Importer(2089858483,b0f066a214c2f5e87bad3c948f4d605d)
Start importing Assets/Scripts/ThirdPersonCamera.cs using Guid(bf9edf9c8d8695240961288746328bf1) Importer(2089858483,b0f066a214c2f5e87bad3c948f4d605d) (ScriptedImporter) -> (artifact id: 'ef63810e2eabd4df0daf346e8125c250') in 0.0105475 seconds
Number of updated asset objects reloaded before import = 0Number of asset objects unloaded after import = 0

========================================================================
Received Import Request.
  Time since last request: 0.000017 seconds.
  path: Assets/SciFiWarriorPBRHPPolyart/Animators/SciFiWarrior.controller
  artifactKey: Guid(6defa2fea7e9a934a8d2cafa30dc567a) Importer(2089858483,b0f066a214c2f5e87bad3c948f4d605d)
Start importing Assets/SciFiWarriorPBRHPPolyart/Animators/SciFiWarrior.controller using Guid(6defa2fea7e9a934a8d2cafa30dc567a) Importer(2089858483,b0f066a214c2f5e87bad3c948f4d605d) (ScriptedImporter) -> (artifact id: '7b11db678cd8ffef16d11b834402ebb1') in 0.0187827 seconds
Number of updated asset objects reloaded before import = 0Number of asset objects unloaded after import = 49

========================================================================
Received Import Request.
  Time since last request: 0.000029 seconds.
  path: Assets/SciFiWarriorPBRHPPolyart/Animations/WalkLeft_Shoot_ar.fbx
  artifactKey: Guid(34d1b8e01a0412f449dcefc77b05e27b) Importer(2089858483,b0f066a214c2f5e87bad3c948f4d605d)
Start importing Assets/SciFiWarriorPBRHPPolyart/Animations/WalkLeft_Shoot_ar.fbx using Guid(34d1b8e01a0412f449dcefc77b05e27b) Importer(2089858483,b0f066a214c2f5e87bad3c948f4d605d) (ScriptedImporter) -> (artifact id: '8b940cfc255d327946f0a451089ead4c') in 0.0252076 seconds
Number of updated asset objects reloaded before import = 0Number of asset objects unloaded after import = 151

========================================================================
Received Import Request.
  Time since last request: 0.000019 seconds.
  path: Assets/SciFiWarriorPBRHPPolyart/Prefabs/PBRCharacter.prefab
  artifactKey: Guid(f432554f564e69242897607d34218939) Importer(2089858483,b0f066a214c2f5e87bad3c948f4d605d)
Start importing Assets/SciFiWarriorPBRHPPolyart/Prefabs/PBRCharacter.prefab using Guid(f432554f564e69242897607d34218939) Importer(2089858483,b0f066a214c2f5e87bad3c948f4d605d) (ScriptedImporter) -> (artifact id: '7ff235e22735255b3afe774cc9d8996d') in 0.0208363 seconds
Number of updated asset objects reloaded before import = 0Number of asset objects unloaded after import = 193

========================================================================
Received Import Request.
  Time since last request: 0.000024 seconds.
  path: Assets/SciFiWarriorPBRHPPolyart/Animations/WalkFront_Shoot_ar.fbx
  artifactKey: Guid(e398e3aa9cdfcdc4ebd01a06e4c544ae) Importer(2089858483,b0f066a214c2f5e87bad3c948f4d605d)
Start importing Assets/SciFiWarriorPBRHPPolyart/Animations/WalkFront_Shoot_ar.fbx using Guid(e398e3aa9cdfcdc4ebd01a06e4c544ae) Importer(2089858483,b0f066a214c2f5e87bad3c948f4d605d) (ScriptedImporter) -> (artifact id: '6390690c29c66f355ced13177883826a') in 0.0215672 seconds
Number of updated asset objects reloaded before import = 0Number of asset objects unloaded after import = 151

========================================================================
Received Import Request.
  Time since last request: 0.000020 seconds.
  path: Assets/SciFiWarriorPBRHPPolyart/Animations
  artifactKey: Guid(b9a7525684252cf44a06de79640c67a8) Importer(2089858483,b0f066a214c2f5e87bad3c948f4d605d)
Start importing Assets/SciFiWarriorPBRHPPolyart/Animations using Guid(b9a7525684252cf44a06de79640c67a8) Importer(2089858483,b0f066a214c2f5e87bad3c948f4d605d) (ScriptedImporter) -> (artifact id: '15f4d2d9c65dccb04048898e096b75f6') in 0.0081479 seconds
Number of updated asset objects reloaded before import = 0Number of asset objects unloaded after import = 1

========================================================================
Received Import Request.
  Time since last request: 0.000017 seconds.
  path: Assets/SciFiWarriorPBRHPPolyart/Textures/PBR_Free_NM.png
  artifactKey: Guid(a5798ba7ff8d7984c9b50981d6dd8e6b) Importer(2089858483,b0f066a214c2f5e87bad3c948f4d605d)
Start importing Assets/SciFiWarriorPBRHPPolyart/Textures/PBR_Free_NM.png using Guid(a5798ba7ff8d7984c9b50981d6dd8e6b) Importer(2089858483,b0f066a214c2f5e87bad3c948f4d605d) (ScriptedImporter) -> (artifact id: '8dfa7fa6a2bacf2d70b2f8c6ce994396') in 0.0116016 seconds
Number of updated asset objects reloaded before import = 0Number of asset objects unloaded after import = 1

========================================================================
Received Import Request.
  Time since last request: 0.000021 seconds.
  path: Assets/SciFiWarriorPBRHPPolyart/Materials/HP.mat
  artifactKey: Guid(9d4df993be894774282a0b17d51a0723) Importer(2089858483,b0f066a214c2f5e87bad3c948f4d605d)
Start importing Assets/SciFiWarriorPBRHPPolyart/Materials/HP.mat using Guid(9d4df993be894774282a0b17d51a0723) Importer(2089858483,b0f066a214c2f5e87bad3c948f4d605d) (ScriptedImporter) -> (artifact id: '994d601750d7529f2d48c67938adee97') in 0.0142466 seconds
Number of updated asset objects reloaded before import = 0Number of asset objects unloaded after import = 4

Editor requested this worker to shutdown with reason: Scaling down because of idle timeout
AssetImportWorker is now disconnected from the server
Process exiting
Exiting without the bug reporter. Application will terminate with return code 0