[Licensing::Module] Trying to connect to existing licensing client channel...
Built from '6000.3/staging' branch; Version is '6000.3.4f1 (fdd3b8998ec4) revision 16634808'; Using compiler version '194234433'; Build Type 'Release'
[Licensing::IpcConnector] Successfully connected to: "LicenseClient-ajffj" at "2026-08-18T15:47:05.1913883Z"
OS: 'Windows 11  (10.0.26200) Professional' Language: 'ko' Physical Memory: 64659 MB
BatchMode: 1, IsHumanControllingUs: 0, StartBugReporterOnCrash: 0, Is64bit: 1
System  architecture: x64
Process architecture: x64
Date: 2026-08-18T15:47:05Z

COMMAND LINE ARGUMENTS:
C:\Program Files\Unity\Hub\Editor\6000.3.4f1\Editor\Unity.exe
-batchmode
-quit
-projectPath
E:\Unity\TPS_Project\TpsProject
-executeMethod
FloodedGroundsSceneSetup.ConfigureMapWideTracking
-logFile
E:\Unity\TPS_Project\TpsProject\Logs\FloodedGroundsMapWideTracking.log
Successfully changed project path to: E:\Unity\TPS_Project\TpsProject
E:/Unity/TPS_Project/TpsProject
[UnityMemory] Configuration Parameters - Can be set up in boot.config
    "memorysetup-temp-allocator-size-nav-mesh-worker=65536"
    "memorysetup-temp-allocator-size-audio-worker=65536"
    "memorysetup-temp-allocator-size-gfx=262144"
    "memorysetup-allocator-temp-initial-block-size-main=262144"
    "memorysetup-allocator-temp-initial-block-size-worker=262144"
    "memorysetup-temp-allocator-size-background-worker=32768"
    "memorysetup-temp-allocator-size-job-worker=262144"
    "memorysetup-temp-allocator-size-preload-manager=33554432"
    "memorysetup-temp-allocator-size-gi-baking-worker=262144"
    "memorysetup-temp-allocator-size-gi-baking-worker=262144"
    "memorysetup-temp-allocator-size-gi-baking-worker=262144"
    "memorysetup-temp-allocator-size-gi-baking-worker=262144"
    "memorysetup-temp-allocator-size-gi-baking-worker=262144"
    "memorysetup-bucket-allocator-granularity=16"
    "memorysetup-bucket-allocator-bucket-count=8"
    "memorysetup-bucket-allocator-block-size=33554432"
    "memorysetup-bucket-allocator-block-count=8"
    "memorysetup-main-allocator-block-size=16777216"
    "memorysetup-thread-allocator-block-size=16777216"
    "memorysetup-gfx-main-allocator-block-size=16777216"
    "memorysetup-gfx-thread-allocator-block-size=16777216"
    "memorysetup-cache-allocator-block-size=4194304"
    "memorysetup-typetree-allocator-block-size=2097152"
    "memorysetup-profiler-bucket-allocator-granularity=16"
    "memorysetup-profiler-bucket-allocator-bucket-count=8"
    "memorysetup-profiler-bucket-allocator-block-size=33554432"
    "memorysetup-profiler-bucket-allocator-block-count=8"
    "memorysetup-profiler-allocator-block-size=16777216"
    "memorysetup-profiler-editor-allocator-block-size=1048576"
    "memorysetup-temp-allocator-size-main=16777216"
    "memorysetup-job-temp-allocator-block-size=2097152"
    "memorysetup-job-temp-allocator-block-size-background=1048576"
    "memorysetup-job-temp-allocator-reduction-small-platforms=262144"
    "memorysetup-temp-allocator-size-cloud-worker=32768"
Player connection [30568]  Target information:

Player connection [30568]  * "[IP] 192.168.0.3 [Port] 55504 [Flags] 2 [Guid] 2367268176 [EditorId] 2367268176 [Version] 1048832 [Id] WindowsEditor(7,DESKTOP-3QPCFMO) [Debug] 1 [PackageName] WindowsEditor [ProjectName] Editor" 

Player connection [30568] Host joined multi-casting on [225.0.0.222:54997]...
Player connection [30568] Host joined alternative multi-casting on [225.0.0.222:34997]...
Input System module state changed to: Initialized.
[Physics::Module] Initialized fallback backend.
[Physics::Module] Id: 0xdecafbad
[Package Manager] Connected to IPC stream "Upm-25472" after 0.2 seconds.
[Licensing::Module] Licensing is not yet initialized.
[Licensing::Client] Handshaking with LicensingClient:
  Version:                 1.17.4+4293ba1
  Session Id:              90512c4d348d48759fa15aea809ba29b
  Correlation Id:          92bb55003f34e5d2f358d5916ecabd48
  External correlation Id: 2626271485775736107
  Machine Id:              quNDNEHvSPhWQgiArlte8FV3K/U=
[Licensing::Module] Successfully connected to LicensingClient on channel: "LicenseClient-ajffj" (connect: 0.00s, validation: 0.00s, handshake: 0.68s)
[Licensing::IpcConnector] Successfully connected to: "LicenseClient-ajffj-notifications" at "2026-08-18T15:47:05.8756934Z"
[Licensing::Module] Error: Access token is unavailable; failed to update
[Licensing::Client] Successfully resolved entitlement details
[Licensing::Module] License group:
  Id: 14568646326981-UnityPersXXXX
  Product: Unity Personal
  Type: Assigned
  Expiration: Unlimited
[Licensing::Client] Successfully updated license, isAsync: True, time: 0.00
[Licensing::Client] Successfully resolved entitlement details
[Licensing::Module] Licensing Background thread has ended after 0.69s
[Licensing::Module] Licensing is initialized (took 0.40s).
[Licensing::Client] Successfully resolved entitlement details
Library Redirect Path: Library/
[Physics::Module] Selected backend.
[Physics::Module] Name: PhysX
[Physics::Module] Id: 0xf2b8ea05
[Physics::Module] SDK Version: 4.1.2
[Physics::Module] Integration Version: 1.0.0
[Physics::Module] Threading Mode: Multi-Threaded
Refreshing native plugins compatible for Editor in 0.13 ms, found 0 plugins.
Preloading 0 native plugins for Editor in 0.00 ms.
Initialize engine version: 6000.3.4f1 (fdd3b8998ec4)
[Subsystems] Discovering subsystems at path C:/Program Files/Unity/Hub/Editor/6000.3.4f1/Editor/Data/Resources/UnitySubsystems
[Subsystems] Discovering subsystems at path E:/Unity/TPS_Project/TpsProject/Assets
GfxDevice: creating device client; kGfxThreadingModeNonThreaded
Direct3D:
    Version:  Direct3D 11.0 [level 11.1]
    Renderer: NVIDIA GeForce RTX 3070 (ID=0x2484)
    Vendor:   NVIDIA
    VRAM:     8018 MB
    Driver:   32.0.15.9186
Initialize mono
Mono path[0] = 'C:/Program Files/Unity/Hub/Editor/6000.3.4f1/Editor/Data/Managed'
Mono path[1] = 'C:/Program Files/Unity/Hub/Editor/6000.3.4f1/Editor/Data/MonoBleedingEdge/lib/mono/unityjit-win32'
Mono config path = 'C:/Program Files/Unity/Hub/Editor/6000.3.4f1/Editor/Data/MonoBleedingEdge/etc'
Using monoOptions --debugger-agent=transport=dt_socket,embedding=1,server=y,suspend=n,address=127.0.0.1:56472
Using cacheserver namespaces - metadata:defaultmetadata, artifacts:defaultartifacts
Using cacheserver namespaces - metadata:defaultmetadata, artifacts:defaultartifacts
ImportWorker Server TCP listen port: 0
AcceleratorClientConnectionCallback - disconnected - :0
Begin MonoManager ReloadAssembly
Registering precompiled unity dll's ...
Register platform support module: C:/Program Files/Unity/Hub/Editor/6000.3.4f1/Editor/Data/PlaybackEngines/WindowsStandaloneSupport/UnityEditor.WindowsStandalone.Extensions.dll
Registered in 0.001984 seconds.
- Loaded All Assemblies, in  0.301 seconds
Native extension for WindowsStandalone target not found
ScheduleIndexationOnStartup MainProcess:False IndexOnStartup:True
Mono: successfully reloaded assembly
- Finished resetting the current domain, in  0.264 seconds
Domain Reload Profiling: 562ms
	BeginReloadAssembly (116ms)
		ExecutionOrderSort (0ms)
		DisableScriptedObjects (0ms)
		BackupInstance (0ms)
		ReleaseScriptingObjects (0ms)
		CreateAndSetChildDomain (3ms)
	RebuildCommonClasses (25ms)
	RebuildNativeTypeToScriptingClass (9ms)
	initialDomainReloadingComplete (35ms)
	LoadAllAssembliesAndSetupDomain (112ms)
		LoadAssemblies (110ms)
		RebuildTransferFunctionScriptingTraits (0ms)
		AnalyzeDomain (110ms)
			TypeCache.Refresh (109ms)
				TypeCache.ScanAssembly (99ms)
			BuildScriptInfoCaches (0ms)
			ResolveRequiredComponents (0ms)
	FinalizeReload (264ms)
		ReleaseScriptCaches (0ms)
		RebuildScriptCaches (0ms)
		SetupLoadedEditorAssemblies (239ms)
			LogAssemblyErrors (0ms)
			InitializePlatformSupportModulesInManaged (32ms)
			SetLoadedEditorAssemblies (2ms)
			BeforeProcessingInitializeOnLoad (57ms)
			ProcessInitializeOnLoadAttributes (95ms)
			ProcessInitializeOnLoadMethodAttributes (53ms)
			AfterProcessingInitializeOnLoad (0ms)
			EditorAssembliesLoaded (0ms)
		ExecutionOrderSort2 (0ms)
		AwakeInstancesAfterBackupRestoration (0ms)
[Licensing::Client] Successfully resolved entitlement details
Application.AssetDatabase Initial Refresh Start
Package Manager log level set to [2]
[Package Manager] Restoring resolved packages state from cache
[Licensing::Client] Successfully resolved entitlement details
[Package Manager] Registered 57 packages:
  Packages from [https://packages.unity.com]:
    com.unity.ai.navigation@2.0.9 (location: E:\Unity\TPS_Project\TpsProject\Library\PackageCache\com.unity.ai.navigation@5218e4bf7edc)
    com.unity.collab-proxy@2.11.2 (location: E:\Unity\TPS_Project\TpsProject\Library\PackageCache\com.unity.collab-proxy@1ec4e416a4af)
    com.unity.ide.rider@3.0.38 (location: E:\Unity\TPS_Project\TpsProject\Library\PackageCache\com.unity.ide.rider@1f60b3138684)
    com.unity.ide.visualstudio@2.0.26 (location: E:\Unity\TPS_Project\TpsProject\Library\PackageCache\com.unity.ide.visualstudio@a99d56dec63f)
    com.unity.inputsystem@1.17.0 (location: E:\Unity\TPS_Project\TpsProject\Library\PackageCache\com.unity.inputsystem@02433b2481ab)
    com.unity.timeline@1.8.10 (location: E:\Unity\TPS_Project\TpsProject\Library\PackageCache\com.unity.timeline@7f8b2fb101b6)
    com.unity.visualscripting@1.9.9 (location: E:\Unity\TPS_Project\TpsProject\Library\PackageCache\com.unity.visualscripting@191c0d7e3b69)
    com.unity.searcher@4.9.4 (location: E:\Unity\TPS_Project\TpsProject\Library\PackageCache\com.unity.searcher@d45a78918735)
    com.unity.burst@1.8.27 (location: E:\Unity\TPS_Project\TpsProject\Library\PackageCache\com.unity.burst@973857688024)
    com.unity.mathematics@1.3.3 (location: E:\Unity\TPS_Project\TpsProject\Library\PackageCache\com.unity.mathematics@19a9377c4ffa)
    com.unity.collections@2.6.2 (location: E:\Unity\TPS_Project\TpsProject\Library\PackageCache\com.unity.collections@aea9d3bd5e19)
    com.unity.nuget.mono-cecil@1.11.6 (location: E:\Unity\TPS_Project\TpsProject\Library\PackageCache\com.unity.nuget.mono-cecil@ecb9724e46ff)
    com.unity.test-framework.performance@3.2.0 (location: E:\Unity\TPS_Project\TpsProject\Library\PackageCache\com.unity.test-framework.performance@0840f58e4562)
  Built-in packages:
    com.unity.multiplayer.center@1.0.1 (location: E:\Unity\TPS_Project\TpsProject\Library\PackageCache\com.unity.multiplayer.center@f01f4ba8d00a)
    com.unity.render-pipelines.universal@17.3.0 (location: E:\Unity\TPS_Project\TpsProject\Library\PackageCache\com.unity.render-pipelines.universal@d10049dfa479)
    com.unity.test-framework@1.6.0 (location: E:\Unity\TPS_Project\TpsProject\Library\PackageCache\com.unity.test-framework@0b7a23ab2e1d)
    com.unity.ugui@2.0.0 (location: E:\Unity\TPS_Project\TpsProject\Library\PackageCache\com.unity.ugui@1890c14c96ff)
    com.unity.modules.accessibility@1.0.0 (location: C:\Program Files\Unity\Hub\Editor\6000.3.4f1\Editor\Data\Resources\PackageManager\BuiltInPackages\com.unity.modules.accessibility)
    com.unity.modules.adaptiveperformance@1.0.0 (location: C:\Program Files\Unity\Hub\Editor\6000.3.4f1\Editor\Data\Resources\PackageManager\BuiltInPackages\com.unity.modules.adaptiveperformance)
    com.unity.modules.ai@1.0.0 (location: C:\Program Files\Unity\Hub\Editor\6000.3.4f1\Editor\Data\Resources\PackageManager\BuiltInPackages\com.unity.modules.ai)
    com.unity.modules.androidjni@1.0.0 (location: C:\Program Files\Unity\Hub\Editor\6000.3.4f1\Editor\Data\Resources\PackageManager\BuiltInPackages\com.unity.modules.androidjni)
    com.unity.modules.animation@1.0.0 (location: C:\Program Files\Unity\Hub\Editor\6000.3.4f1\Editor\Data\Resources\PackageManager\BuiltInPackages\com.unity.modules.animation)
    com.unity.modules.assetbundle@1.0.0 (location: C:\Program Files\Unity\Hub\Editor\6000.3.4f1\Editor\Data\Resources\PackageManager\BuiltInPackages\com.unity.modules.assetbundle)
    com.unity.modules.audio@1.0.0 (location: C:\Program Files\Unity\Hub\Editor\6000.3.4f1\Editor\Data\Resources\PackageManager\BuiltInPackages\com.unity.modules.audio)
    com.unity.modules.cloth@1.0.0 (location: C:\Program Files\Unity\Hub\Editor\6000.3.4f1\Editor\Data\Resources\PackageManager\BuiltInPackages\com.unity.modules.cloth)
    com.unity.modules.director@1.0.0 (location: C:\Program Files\Unity\Hub\Editor\6000.3.4f1\Editor\Data\Resources\PackageManager\BuiltInPackages\com.unity.modules.director)
    com.unity.modules.imageconversion@1.0.0 (location: C:\Program Files\Unity\Hub\Editor\6000.3.4f1\Editor\Data\Resources\PackageManager\BuiltInPackages\com.unity.modules.imageconversion)
    com.unity.modules.imgui@1.0.0 (location: C:\Program Files\Unity\Hub\Editor\6000.3.4f1\Editor\Data\Resources\PackageManager\BuiltInPackages\com.unity.modules.imgui)
    com.unity.modules.jsonserialize@1.0.0 (location: C:\Program Files\Unity\Hub\Editor\6000.3.4f1\Editor\Data\Resources\PackageManager\BuiltInPackages\com.unity.modules.jsonserialize)
    com.unity.modules.particlesystem@1.0.0 (location: C:\Program Files\Unity\Hub\Editor\6000.3.4f1\Editor\Data\Resources\PackageManager\BuiltInPackages\com.unity.modules.particlesystem)
    com.unity.modules.physics@1.0.0 (location: C:\Program Files\Unity\Hub\Editor\6000.3.4f1\Editor\Data\Resources\PackageManager\BuiltInPackages\com.unity.modules.physics)
    com.unity.modules.physics2d@1.0.0 (location: C:\Program Files\Unity\Hub\Editor\6000.3.4f1\Editor\Data\Resources\PackageManager\BuiltInPackages\com.unity.modules.physics2d)
    com.unity.modules.screencapture@1.0.0 (location: C:\Program Files\Unity\Hub\Editor\6000.3.4f1\Editor\Data\Resources\PackageManager\BuiltInPackages\com.unity.modules.screencapture)
    com.unity.modules.terrain@1.0.0 (location: C:\Program Files\Unity\Hub\Editor\6000.3.4f1\Editor\Data\Resources\PackageManager\BuiltInPackages\com.unity.modules.terrain)
    com.unity.modules.terrainphysics@1.0.0 (location: C:\Program Files\Unity\Hub\Editor\6000.3.4f1\Editor\Data\Resources\PackageManager\BuiltInPackages\com.unity.modules.terrainphysics)
    com.unity.modules.tilemap@1.0.0 (location: C:\Program Files\Unity\Hub\Editor\6000.3.4f1\Editor\Data\Resources\PackageManager\BuiltInPackages\com.unity.modules.tilemap)
    com.unity.modules.ui@1.0.0 (location: C:\Program Files\Unity\Hub\Editor\6000.3.4f1\Editor\Data\Resources\PackageManager\BuiltInPackages\com.unity.modules.ui)
    com.unity.modules.uielements@1.0.0 (location: C:\Program Files\Unity\Hub\Editor\6000.3.4f1\Editor\Data\Resources\PackageManager\BuiltInPackages\com.unity.modules.uielements)
    com.unity.modules.umbra@1.0.0 (location: C:\Program Files\Unity\Hub\Editor\6000.3.4f1\Editor\Data\Resources\PackageManager\BuiltInPackages\com.unity.modules.umbra)
    com.unity.modules.unityanalytics@1.0.0 (location: C:\Program Files\Unity\Hub\Editor\6000.3.4f1\Editor\Data\Resources\PackageManager\BuiltInPackages\com.unity.modules.unityanalytics)
    com.unity.modules.unitywebrequest@1.0.0 (location: C:\Program Files\Unity\Hub\Editor\6000.3.4f1\Editor\Data\Resources\PackageManager\BuiltInPackages\com.unity.modules.unitywebrequest)
    com.unity.modules.unitywebrequestassetbundle@1.0.0 (location: C:\Program Files\Unity\Hub\Editor\6000.3.4f1\Editor\Data\Resources\PackageManager\BuiltInPackages\com.unity.modules.unitywebrequestassetbundle)
    com.unity.modules.unitywebrequestaudio@1.0.0 (location: C:\Program Files\Unity\Hub\Editor\6000.3.4f1\Editor\Data\Resources\PackageManager\BuiltInPackages\com.unity.modules.unitywebrequestaudio)
    com.unity.modules.unitywebrequesttexture@1.0.0 (location: C:\Program Files\Unity\Hub\Editor\6000.3.4f1\Editor\Data\Resources\PackageManager\BuiltInPackages\com.unity.modules.unitywebrequesttexture)
    com.unity.modules.unitywebrequestwww@1.0.0 (location: C:\Program Files\Unity\Hub\Editor\6000.3.4f1\Editor\Data\Resources\PackageManager\BuiltInPackages\com.unity.modules.unitywebrequestwww)
    com.unity.modules.vectorgraphics@1.0.0 (location: C:\Program Files\Unity\Hub\Editor\6000.3.4f1\Editor\Data\Resources\PackageManager\BuiltInPackages\com.unity.modules.vectorgraphics)
    com.unity.modules.vehicles@1.0.0 (location: C:\Program Files\Unity\Hub\Editor\6000.3.4f1\Editor\Data\Resources\PackageManager\BuiltInPackages\com.unity.modules.vehicles)
    com.unity.modules.video@1.0.0 (location: C:\Program Files\Unity\Hub\Editor\6000.3.4f1\Editor\Data\Resources\PackageManager\BuiltInPackages\com.unity.modules.video)
    com.unity.modules.vr@1.0.0 (location: C:\Program Files\Unity\Hub\Editor\6000.3.4f1\Editor\Data\Resources\PackageManager\BuiltInPackages\com.unity.modules.vr)
    com.unity.modules.wind@1.0.0 (location: C:\Program Files\Unity\Hub\Editor\6000.3.4f1\Editor\Data\Resources\PackageManager\BuiltInPackages\com.unity.modules.wind)
    com.unity.modules.xr@1.0.0 (location: C:\Program Files\Unity\Hub\Editor\6000.3.4f1\Editor\Data\Resources\PackageManager\BuiltInPackages\com.unity.modules.xr)
    com.unity.modules.subsystems@1.0.0 (location: C:\Program Files\Unity\Hub\Editor\6000.3.4f1\Editor\Data\Resources\PackageManager\BuiltInPackages\com.unity.modules.subsystems)
    com.unity.modules.hierarchycore@1.0.0 (location: C:\Program Files\Unity\Hub\Editor\6000.3.4f1\Editor\Data\Resources\PackageManager\BuiltInPackages\com.unity.modules.hierarchycore)
    com.unity.ext.nunit@2.0.5 (location: E:\Unity\TPS_Project\TpsProject\Library\PackageCache\com.unity.ext.nunit@d8c07649098d)
    com.unity.render-pipelines.core@17.3.0 (location: E:\Unity\TPS_Project\TpsProject\Library\PackageCache\com.unity.render-pipelines.core@40aabbb0fdcf)
    com.unity.shadergraph@17.3.0 (location: E:\Unity\TPS_Project\TpsProject\Library\PackageCache\com.unity.shadergraph@3686fafd4720)
    com.unity.render-pipelines.universal-config@17.0.3 (location: E:\Unity\TPS_Project\TpsProject\Library\PackageCache\com.unity.render-pipelines.universal-config@8dc1aab4af1d)
[Subsystems] No new subsystems found in resolved package list.
[Package Manager] Done registering packages in 0.02 seconds
[ScriptCompilation] Requested script compilation because: Assetdatabase observed changes in script compilation related files
Starting: C:\Program Files\Unity\Hub\Editor\6000.3.4f1\Editor\Data\Tools\BuildPipeline\bee_backend.exe --ipc --defer-dag-verification --dagfile="Library/Bee/1900b0aE.dag" --continue-on-failure --profile="Library/Bee/backend1.traceevents" ScriptAssemblies
WorkingDir: E:/Unity/TPS_Project/TpsProject
DisplayProgressbar: Compiling Scripts
ExitCode: 0 Duration: 1s818ms
[675/858    0s] ILPP-Configuration Library/ilpp-configuration.nevergeneratedoutput
[850/858    1s] Csc Library/Bee/artifacts/1900b0aE.dag/Assembly-CSharp.dll (+2 others)
Assets\Flooded_Grounds\PostProcessing\Runtime\Components\MotionBlurComponent.cs(350,60): warning CS0618: 'GraphicsDeviceType.OpenGLES2' is obsolete: 'OpenGL ES 2.0 is no longer supported in Unity 2023.1'
[851/858    0s] Csc Library/Bee/artifacts/1900b0aE.dag/Assembly-CSharp-Editor.dll (+2 others)
[852/858    0s] ILPostProcess Library/Bee/artifacts/1900b0aE.dag/post-processed/Assembly-CSharp.dll (+pdb)
Processing assembly Library/Bee/artifacts/1900b0aE.dag/Assembly-CSharp.dll, with 137 defines and 314 references

processors: Unity.Jobs.CodeGen.JobsILPostProcessor, zzzUnity.Burst.CodeGen.BurstILPostProcessor

running Unity.Jobs.CodeGen.JobsILPostProcessor

running zzzUnity.Burst.CodeGen.BurstILPostProcessor
[853/858    0s] CopyFiles Library/ScriptAssemblies/Assembly-CSharp.pdb
[854/858    0s] ILPostProcess Library/Bee/artifacts/1900b0aE.dag/post-processed/Assembly-CSharp-Editor.dll (+pdb)
Processing assembly Library/Bee/artifacts/1900b0aE.dag/Assembly-CSharp-Editor.dll, with 135 defines and 333 references

processors: Unity.Jobs.CodeGen.JobsILPostProcessor, zzzUnity.Burst.CodeGen.BurstILPostProcessor

running Unity.Jobs.CodeGen.JobsILPostProcessor

running zzzUnity.Burst.CodeGen.BurstILPostProcessor
[855/858    0s] CopyFiles Library/ScriptAssemblies/Assembly-CSharp.dll
[856/858    0s] CopyFiles Library/ScriptAssemblies/Assembly-CSharp-Editor.pdb
[857/858    0s] CopyFiles Library/ScriptAssemblies/Assembly-CSharp-Editor.dll
*** Tundra build success (1.79 seconds), 9 items updated, 858 evaluated
Assets\Flooded_Grounds\PostProcessing\Runtime\Components\MotionBlurComponent.cs(350,60): warning CS0618: 'GraphicsDeviceType.OpenGLES2' is obsolete: 'OpenGL ES 2.0 is no longer supported in Unity 2023.1'
AssetDatabase: script compilation time: 2.465127s
Begin MonoManager ReloadAssembly
- Loaded All Assemblies, in  0.919 seconds
Refreshing native plugins compatible for Editor in 0.74 ms, found 3 plugins.
Native extension for WindowsStandalone target not found
ScheduleIndexationOnStartup MainProcess:True IndexOnStartup:True
Mono: successfully reloaded assembly
- Finished resetting the current domain, in  2.173 seconds
Domain Reload Profiling: 3088ms
	BeginReloadAssembly (257ms)
		ExecutionOrderSort (0ms)
		DisableScriptedObjects (8ms)
		BackupInstance (0ms)
		ReleaseScriptingObjects (0ms)
		CreateAndSetChildDomain (142ms)
	RebuildCommonClasses (24ms)
	RebuildNativeTypeToScriptingClass (9ms)
	initialDomainReloadingComplete (22ms)
	LoadAllAssembliesAndSetupDomain (602ms)
		LoadAssemblies (528ms)
		RebuildTransferFunctionScriptingTraits (0ms)
		AnalyzeDomain (151ms)
			TypeCache.Refresh (112ms)
				TypeCache.ScanAssembly (104ms)
			BuildScriptInfoCaches (30ms)
			ResolveRequiredComponents (6ms)
	FinalizeReload (2173ms)
		ReleaseScriptCaches (0ms)
		RebuildScriptCaches (0ms)
		SetupLoadedEditorAssemblies (2019ms)
			LogAssemblyErrors (0ms)
			InitializePlatformSupportModulesInManaged (15ms)
			SetLoadedEditorAssemblies (2ms)
			BeforeProcessingInitializeOnLoad (109ms)
			ProcessInitializeOnLoadAttributes (1794ms)
			ProcessInitializeOnLoadMethodAttributes (92ms)
			AfterProcessingInitializeOnLoad (7ms)
			EditorAssembliesLoaded (0ms)
		ExecutionOrderSort2 (0ms)
		AwakeInstancesAfterBackupRestoration (6ms)
Refreshing native plugins compatible for Editor in 1.02 ms, found 3 plugins.
Preloading 0 native plugins for Editor in 0.00 ms.
Asset Pipeline Refresh (id=85615a1547efec743bd8cda584f0ca92): Total: 6.161 seconds - Initiated by InitialRefreshV2(ForceSynchronousImport)
	Summary:
		Imports: total=0 (actual=0, local cache=0, cache server=0)
		Asset DB Process Time: managed=0 ms, native=2505 ms
		Asset DB Callback time: managed=207 ms, native=24 ms
		Scripting: domain reloads=1, domain reload time=919 ms, compile time=2466 ms, other=37 ms
		Project Asset Count: scripts=1394, non-scripts=3521
		Asset File Changes: new=0, changed=2, moved=0, deleted=0
		Scan Filter Count: 0
	InvokeCustomDependenciesCallbacks: 0.001ms
	InvokePackagesCallback: 21.124ms
	ApplyChangesToAssetFolders: 0.579ms
	Scan: 88.119ms
	OnSourceAssetsModified: 0.696ms
	CategorizeAssetsWithTransientArtifact: 31.508ms
	ProcessAssetsWithTransientArtifactChanges: 55.369ms
	CategorizeAssets: 49.559ms
	ImportOutOfDateAssets: 2180.335ms (-287.635ms without children)
		CompileScripts: 2466.154ms
		ReloadNativeAssets: 0.022ms
		UnloadImportedAssets: 0.795ms
		EnsureUptoDateAssetsAreRegisteredWithGuidPM: 0.627ms
		InitializingProgressBar: 0.000ms
		PostProcessAllAssetNotificationsAddChangedAssets: 0.001ms
		OnDemandSchedulerStart: 0.372ms
	PostProcessAllAssets: 209.352ms
	Hotreload: 2.856ms
	GatherAllCurrentPrimaryArtifactRevisions: 0.002ms
	UnloadStreamsBegin: 2.397ms
	PersistCurrentRevisions: 0.115ms
	UnloadStreamsEnd: 0.001ms
	GenerateScriptTypeHashes: 2.102ms
	Untracked: 3519.002ms

Application.AssetDatabase Initial Refresh End
Launched and connected shader compiler UnityShaderCompiler.exe after 0.01 seconds
Scanning for USB devices : 20.535ms
Initializing Unity extensions:
[MODES] ModeService[none].Initialize
[MODES] ModeService[none].LoadModes
[MODES] Loading mode Default (0) for mode-current-id-TpsProject
Unloading 23 Unused Serialized files (Serialized files now loaded: 0)
Unloading 6373 unused Assets / (6.2 MB). Loaded Objects now: 7263.
Memory consumption went from 230.4 MB to 224.2 MB.
Total: 10.575900 ms (FindLiveObjects: 1.062100 ms CreateObjectMapping: 0.559100 ms MarkObjects: 6.359600 ms  DeleteObjects: 2.594100 ms)

Opening scene 'Assets/Scenes/FloodedGrounds_TPS.unity'
Unloading 8 Unused Serialized files (Serialized files now loaded: 0)
LightingSettings: switching bake backend from 2 to 1.
Failed to find entry-points:
System.Exception: Error while loading assembly references for Assembly-CSharp-Editor ---> System.IO.IOException: Win32 IO returned 1224. Path: E:\Unity\TPS_Project\TpsProject\Library\BurstCache\JIT\Hashes\f890d1fdde3a07f1cb7ddaf50227f1a0.bhc
  at System.IO.FileStream..ctor (System.String path, System.IO.FileMode mode, System.IO.FileAccess access, System.IO.FileShare share, System.Int32 bufferSize, System.Boolean anonymous, System.IO.FileOptions options) [0x0019e] in <1eb9db207454431c84a47bcd81e79c37>:0 
  at System.IO.FileStream..ctor (System.String path, System.IO.FileMode mode, System.IO.FileAccess access, System.IO.FileShare share, System.Int32 bufferSize) [0x00000] in <1eb9db207454431c84a47bcd81e79c37>:0 
  at (wrapper remoting-invoke-with-check) System.IO.FileStream..ctor(string,System.IO.FileMode,System.IO.FileAccess,System.IO.FileShare,int)
  at System.IO.File.Create (System.String path, System.Int32 bufferSize) [0x00000] in <1eb9db207454431c84a47bcd81e79c37>:0 
  at System.IO.File.Create (System.String path) [0x00000] in <1eb9db207454431c84a47bcd81e79c37>:0 
  at Burst.Compiler.IL.Hashing.Storage.ILHashingResult.WriteTo (System.String hashCachePath) [0x00142] in <c0eb27d454644aa88f127c3a53ceb7a4>:0 
  at Burst.Compiler.IL.Hashing.CacheRuntime.HashCacheLoader.CreateHashingResult (Mono.Cecil.AssemblyNameReference assemblyNameReference, Burst.Compiler.IL.AssemblyLoader assemblyLoader, Burst.Compiler.IL.Helpers.DebugLogWriter debugLogWriter) [0x001cd] in <c0eb27d454644aa88f127c3a53ceb7a4>:0 
  at Burst.Compiler.IL.Hashing.CacheRuntime.HashCacheAssemblyStore.GetAssemblyState (System.String assemblyName, Burst.Compiler.IL.AssemblyLoader assemblyLoader) [0x000a0] in <c0eb27d454644aa88f127c3a53ceb7a4>:0 
  at Burst.Compiler.IL.Server.EntryPointMethodFinder.LoadAllAssemblyReferences (Mono.Cecil.AssemblyDefinition asmDef, System.Collections.Generic.Dictionary`2[TKey,TValue] visited, System.Collections.Generic.Dictionary`2[TKey,TValue] jobProducers, Burst.Compiler.IL.Hashing.CacheRuntime.HashCacheAssemblyStore assemblyStore, Burst.Compiler.IL.AssemblyLoader assemblyLoader) [0x00025] in <c0eb27d454644aa88f127c3a53ceb7a4>:0 
  at Burst.Compiler.IL.Server.EntryPointMethodFinder.FindEntryPoints (System.String[] rootAssemblyNames, Burst.Compiler.IL.Hashing.CacheRuntime.HashCacheAssemblyStore assemblyStore, Burst.Compiler.IL.AssemblyLoader assemblyLoader, Burst.Compiler.IL.NativeCompilerOptions options, Burst.Compiler.IL.Server.ProfileDelegate profileCallback, System.Boolean includeRootAssemblyReferences, System.Boolean splitTargets) [0x00071] in <c0eb27d454644aa88f127c3a53ceb7a4>:0 
   --- End of inner exception stack trace ---
  at Burst.Compiler.IL.Server.EntryPointMethodFinder.FindEntryPoints (System.String[] rootAssemblyNames, Burst.Compiler.IL.Hashing.CacheRuntime.HashCacheAssemblyStore assemblyStore, Burst.Compiler.IL.AssemblyLoader assemblyLoader, Burst.Compiler.IL.NativeCompilerOptions options, Burst.Compiler.IL.Server.ProfileDelegate profileCallback, System.Boolean includeRootAssemblyReferences, System.Boolean splitTargets) [0x00094] in <c0eb27d454644aa88f127c3a53ceb7a4>:0 
  at Burst.Compiler.IL.Server.CompilerServer+<>c__DisplayClass18_1.<FindMethods>b__0 (Burst.Compiler.IL.Server.Caching.CacheManager cacheManager) [0x0005e] in <c0eb27d454644aa88f127c3a53ceb7a4>:0 
  at Burst.Compiler.IL.Server.CompilerServer+<>c__DisplayClass26_0`1[TResult].<RunTask>b__0 () [0x00145] in <c0eb27d454644aa88f127c3a53ceb7a4>:0 
  at Burst.Compiler.IL.Server.CompilerServer.RunTask[TResult] (Burst.Compiler.IL.Server.TargetKey target, System.String taskName, System.String[] assemblyFolders, System.Threading.CancellationToken cancellationToken, System.Func`2[T,TResult] function) [0x00131] in <c0eb27d454644aa88f127c3a53ceb7a4>:0 
  at Burst.Compiler.IL.Server.CompilerServer.FindMethods (Burst.Compiler.IL.Server.CompilerServerOptions options, Burst.Compiler.IL.Aot.AotCompilerOptions aotOptions, Burst.Compiler.IL.AssemblyDefinesDict assemblyDefines, Burst.Compiler.IL.Server.TargetKey target, Burst.Compiler.IL.Server.Caching.CacheManager cacheManager, Burst.Compiler.IL.CompilerStatistics stats, System.Threading.CancellationToken cancellationToken) [0x00299] in <c0eb27d454644aa88f127c3a53ceb7a4>:0 
  at Burst.Compiler.IL.Server.CompilerServer+<>c__DisplayClass26_0`1[TResult].<RunTask>b__0 () [0x00145] in <c0eb27d454644aa88f127c3a53ceb7a4>:0 
  at Burst.Compiler.IL.Server.CompilerServer.RunTask[TResult] (Burst.Compiler.IL.Server.TargetKey target, System.String taskName, System.String[] assemblyFolders, System.Threading.CancellationToken cancellationToken, System.Func`2[T,TResult] function) [0x00131] in <c0eb27d454644aa88f127c3a53ceb7a4>:0 
  at Burst.Compiler.IL.Server.CompilerServer.Compile (Burst.Compiler.IL.Server.CompilerServerOptions options, Burst.Compiler.IL.Server.CompilationMessageStreamer streamer, System.Threading.CancellationToken cancellationToken) [0x001ca] in <c0eb27d454644aa88f127c3a53ceb7a4>:0 

While compiling job:
The tree TreeCreator_Small_B couldn't be instanced because the prefab contains no valid mesh renderer.
UnityEngine.Debug:ExtractStackTraceNoAlloc (byte*,int,string)
UnityEngine.StackTraceUtility:ExtractStackTrace ()
UnityEditor.SceneManagement.EditorSceneManager:OpenScene (string,UnityEditor.SceneManagement.OpenSceneMode)
FloodedGroundsSceneSetup:ConfigureMapWideTracking () (at Assets/Editor/FloodedGroundsSceneSetup.cs:73)

[Assets/Editor/FloodedGroundsSceneSetup.cs line 73]

The tree TreeCreator_Tall_C_Dead couldn't be instanced because the prefab contains no valid mesh renderer.
UnityEngine.Debug:ExtractStackTraceNoAlloc (byte*,int,string)
UnityEngine.StackTraceUtility:ExtractStackTrace ()
UnityEditor.SceneManagement.EditorSceneManager:OpenScene (string,UnityEditor.SceneManagement.OpenSceneMode)
FloodedGroundsSceneSetup:ConfigureMapWideTracking () (at Assets/Editor/FloodedGroundsSceneSetup.cs:73)

[Assets/Editor/FloodedGroundsSceneSetup.cs line 73]

The tree TreeCreator_Tall_C couldn't be instanced because the prefab contains no valid mesh renderer.
UnityEngine.Debug:ExtractStackTraceNoAlloc (byte*,int,string)
UnityEngine.StackTraceUtility:ExtractStackTrace ()
UnityEditor.SceneManagement.EditorSceneManager:OpenScene (string,UnityEditor.SceneManagement.OpenSceneMode)
FloodedGroundsSceneSetup:ConfigureMapWideTracking () (at Assets/Editor/FloodedGroundsSceneSetup.cs:73)

[Assets/Editor/FloodedGroundsSceneSetup.cs line 73]

The tree TreeCreator_Tall_B couldn't be instanced because the prefab contains no valid mesh renderer.
UnityEngine.Debug:ExtractStackTraceNoAlloc (byte*,int,string)
UnityEngine.StackTraceUtility:ExtractStackTrace ()
UnityEditor.SceneManagement.EditorSceneManager:OpenScene (string,UnityEditor.SceneManagement.OpenSceneMode)
FloodedGroundsSceneSetup:ConfigureMapWideTracking () (at Assets/Editor/FloodedGroundsSceneSetup.cs:73)

[Assets/Editor/FloodedGroundsSceneSetup.cs line 73]

The tree TreeCreator_Tall_A couldn't be instanced because the prefab contains no valid mesh renderer.
UnityEngine.Debug:ExtractStackTraceNoAlloc (byte*,int,string)
UnityEngine.StackTraceUtility:ExtractStackTrace ()
UnityEditor.SceneManagement.EditorSceneManager:OpenScene (string,UnityEditor.SceneManagement.OpenSceneMode)
FloodedGroundsSceneSetup:ConfigureMapWideTracking () (at Assets/Editor/FloodedGroundsSceneSetup.cs:73)

[Assets/Editor/FloodedGroundsSceneSetup.cs line 73]

The tree TreeCreator_Crinkly_A couldn't be instanced because the prefab contains no valid mesh renderer.
UnityEngine.Debug:ExtractStackTraceNoAlloc (byte*,int,string)
UnityEngine.StackTraceUtility:ExtractStackTrace ()
UnityEditor.SceneManagement.EditorSceneManager:OpenScene (string,UnityEditor.SceneManagement.OpenSceneMode)
FloodedGroundsSceneSetup:ConfigureMapWideTracking () (at Assets/Editor/FloodedGroundsSceneSetup.cs:73)

[Assets/Editor/FloodedGroundsSceneSetup.cs line 73]

The tree TreeCreator_Crinkly_B couldn't be instanced because the prefab contains no valid mesh renderer.
UnityEngine.Debug:ExtractStackTraceNoAlloc (byte*,int,string)
UnityEngine.StackTraceUtility:ExtractStackTrace ()
UnityEditor.SceneManagement.EditorSceneManager:OpenScene (string,UnityEditor.SceneManagement.OpenSceneMode)
FloodedGroundsSceneSetup:ConfigureMapWideTracking () (at Assets/Editor/FloodedGroundsSceneSetup.cs:73)

[Assets/Editor/FloodedGroundsSceneSetup.cs line 73]

The tree TreeCreator_Bush_A couldn't be instanced because the prefab contains no valid mesh renderer.
UnityEngine.Debug:ExtractStackTraceNoAlloc (byte*,int,string)
UnityEngine.StackTraceUtility:ExtractStackTrace ()
UnityEditor.SceneManagement.EditorSceneManager:OpenScene (string,UnityEditor.SceneManagement.OpenSceneMode)
FloodedGroundsSceneSetup:ConfigureMapWideTracking () (at Assets/Editor/FloodedGroundsSceneSetup.cs:73)

[Assets/Editor/FloodedGroundsSceneSetup.cs line 73]

The tree TreeCreator_Small_A couldn't be instanced because the prefab contains no valid mesh renderer.
UnityEngine.Debug:ExtractStackTraceNoAlloc (byte*,int,string)
UnityEngine.StackTraceUtility:ExtractStackTrace ()
UnityEditor.SceneManagement.EditorSceneManager:OpenScene (string,UnityEditor.SceneManagement.OpenSceneMode)
FloodedGroundsSceneSetup:ConfigureMapWideTracking () (at Assets/Editor/FloodedGroundsSceneSetup.cs:73)

[Assets/Editor/FloodedGroundsSceneSetup.cs line 73]

Loaded scene 'Assets/Scenes/FloodedGrounds_TPS.unity'
	Deserialize:            129.677 ms
	Integration:            826.813 ms
	Integration of assets:  1.418 ms
	Thread Wait Time:       0.003 ms
	Total Operation Time:   957.912 ms
Unloading 5 unused Assets / (6.3 KB). Loaded Objects now: 62010.
Memory consumption went from 459.8 MB to 459.8 MB.
Total: 12.866500 ms (FindLiveObjects: 4.851600 ms CreateObjectMapping: 1.053400 ms MarkObjects: 6.863700 ms  DeleteObjects: 0.097300 ms)

Start importing Assets/Scenes/FloodedGrounds_TPS.unity using Guid(72a83303d45979745927a50748b0323d) (DefaultImporter) -> (artifact id: 'dd7dbabb8380b921ca53b41d2ad8cd82') in 0.0060645 seconds
Refreshing native plugins compatible for Editor in 0.89 ms, found 3 plugins.
Preloading 0 native plugins for Editor in 0.00 ms.
Asset Pipeline Refresh (id=9792141ab95ca8248994d4b8d45d6424): Total: 0.069 seconds - Initiated by StopAssetImportingV2(NoUpdateAssetOptions)
Configured FloodedGrounds_TPS for map-wide enemy tracking and rebuilt NavMesh.
UnityEngine.Debug:ExtractStackTraceNoAlloc (byte*,int,string)
UnityEngine.StackTraceUtility:ExtractStackTrace ()
UnityEngine.DebugLogHandler:Internal_Log (UnityEngine.LogType,UnityEngine.LogOption,string,UnityEngine.Object)
UnityEngine.DebugLogHandler:LogFormat (UnityEngine.LogType,UnityEngine.Object,string,object[])
UnityEngine.Logger:Log (UnityEngine.LogType,object)
UnityEngine.Debug:Log (object)
FloodedGroundsSceneSetup:ConfigureMapWideTracking () (at Assets/Editor/FloodedGroundsSceneSetup.cs:82)

(Filename: Assets/Editor/FloodedGroundsSceneSetup.cs Line: 82)

Batchmode quit successfully invoked - shutting down!
[Physics::Module] Cleanup current backend.
[Physics::Module] Id: 0xf2b8ea05
Input System module state changed to: ShutdownInProgress.
Input System polling thread exited.
Input System module state changed to: Shutdown.
[Licensing::IpcConnector] LicenseClient-ajffj-notifications channel disconnected successfully.
[Licensing::IpcConnector] LicenseClient-ajffj channel disconnected successfully.
AcceleratorClientConnectionCallback - disconnected - :0
Cleanup mono
Exiting batchmode successfully now!
Exiting without the bug reporter. Application will terminate with return code 0