[Licensing::Module] Trying to connect to existing licensing client channel...
Built from '6000.3/staging' branch; Version is '6000.3.4f1 (fdd3b8998ec4) revision 16634808'; Using compiler version '194234433'; Build Type 'Release'
[Licensing::IpcConnector] Successfully connected to: "LicenseClient-ajffj" at "2026-08-18T15:43:55.1199363Z"
OS: 'Windows 11  (10.0.26200) Professional' Language: 'ko' Physical Memory: 64659 MB
BatchMode: 1, IsHumanControllingUs: 0, StartBugReporterOnCrash: 0, Is64bit: 1
System  architecture: x64
Process architecture: x64
Date: 2026-08-18T15:43:55Z

COMMAND LINE ARGUMENTS:
C:\Program Files\Unity\Hub\Editor\6000.3.4f1\Editor\Unity.exe
-batchmode
-quit
-projectPath
E:\Unity\TPS_Project\TpsProject
-executeMethod
FloodedGroundsSceneSetup.VerifyFloodedGroundsTpsScene
-logFile
E:\Unity\TPS_Project\TpsProject\Logs\FloodedGroundsVerify.log
Successfully changed project path to: E:\Unity\TPS_Project\TpsProject
E:/Unity/TPS_Project/TpsProject
[UnityMemory] Configuration Parameters - Can be set up in boot.config
    "memorysetup-temp-allocator-size-nav-mesh-worker=65536"
    "memorysetup-temp-allocator-size-audio-worker=65536"
    "memorysetup-temp-allocator-size-gfx=262144"
    "memorysetup-allocator-temp-initial-block-size-main=262144"
    "memorysetup-allocator-temp-initial-block-size-worker=262144"
    "memorysetup-temp-allocator-size-background-worker=32768"
    "memorysetup-temp-allocator-size-job-worker=262144"
    "memorysetup-temp-allocator-size-preload-manager=33554432"
    "memorysetup-temp-allocator-size-gi-baking-worker=262144"
    "memorysetup-temp-allocator-size-gi-baking-worker=262144"
    "memorysetup-temp-allocator-size-gi-baking-worker=262144"
    "memorysetup-temp-allocator-size-gi-baking-worker=262144"
    "memorysetup-temp-allocator-size-gi-baking-worker=262144"
    "memorysetup-bucket-allocator-granularity=16"
    "memorysetup-bucket-allocator-bucket-count=8"
    "memorysetup-bucket-allocator-block-size=33554432"
    "memorysetup-bucket-allocator-block-count=8"
    "memorysetup-main-allocator-block-size=16777216"
    "memorysetup-thread-allocator-block-size=16777216"
    "memorysetup-gfx-main-allocator-block-size=16777216"
    "memorysetup-gfx-thread-allocator-block-size=16777216"
    "memorysetup-cache-allocator-block-size=4194304"
    "memorysetup-typetree-allocator-block-size=2097152"
    "memorysetup-profiler-bucket-allocator-granularity=16"
    "memorysetup-profiler-bucket-allocator-bucket-count=8"
    "memorysetup-profiler-bucket-allocator-block-size=33554432"
    "memorysetup-profiler-bucket-allocator-block-count=8"
    "memorysetup-profiler-allocator-block-size=16777216"
    "memorysetup-profiler-editor-allocator-block-size=1048576"
    "memorysetup-temp-allocator-size-main=16777216"
    "memorysetup-job-temp-allocator-block-size=2097152"
    "memorysetup-job-temp-allocator-block-size-background=1048576"
    "memorysetup-job-temp-allocator-reduction-small-platforms=262144"
    "memorysetup-temp-allocator-size-cloud-worker=32768"
Player connection [32396]  Target information:

Player connection [32396]  * "[IP] 192.168.0.3 [Port] 55504 [Flags] 2 [Guid] 2115607455 [EditorId] 2115607455 [Version] 1048832 [Id] WindowsEditor(7,DESKTOP-3QPCFMO) [Debug] 1 [PackageName] WindowsEditor [ProjectName] Editor" 

Player connection [32396] Host joined multi-casting on [225.0.0.222:54997]...
Player connection [32396] Host joined alternative multi-casting on [225.0.0.222:34997]...
Input System module state changed to: Initialized.
[Physics::Module] Initialized fallback backend.
[Physics::Module] Id: 0xdecafbad
[Package Manager] Connected to IPC stream "Upm-28636" after 0.2 seconds.
[Licensing::Module] Licensing is not yet initialized.
[Licensing::Client] Handshaking with LicensingClient:
  Version:                 1.17.4+4293ba1
  Session Id:              b6a81b5d96dd49ada98369073ae342bc
  Correlation Id:          92bb55003f34e5d2f358d5916ecabd48
  External correlation Id: 9060773724224723051
  Machine Id:              quNDNEHvSPhWQgiArlte8FV3K/U=
[Licensing::Module] Successfully connected to LicensingClient on channel: "LicenseClient-ajffj" (connect: 0.00s, validation: 0.00s, handshake: 0.74s)
[Licensing::IpcConnector] Successfully connected to: "LicenseClient-ajffj-notifications" at "2026-08-18T15:43:55.8643895Z"
[Licensing::Module] Error: Access token is unavailable; failed to update
[Licensing::Client] Successfully resolved entitlement details
[Licensing::Module] License group:
  Id: 14568646326981-UnityPersXXXX
  Product: Unity Personal
  Type: Assigned
  Expiration: Unlimited
[Licensing::Client] Successfully updated license, isAsync: True, time: 0.00
[Licensing::Client] Successfully resolved entitlement details
[Licensing::Module] Licensing Background thread has ended after 0.75s
[Licensing::Module] Licensing is initialized (took 0.43s).
[Licensing::Client] Successfully resolved entitlement details
Library Redirect Path: Library/
[Physics::Module] Selected backend.
[Physics::Module] Name: PhysX
[Physics::Module] Id: 0xf2b8ea05
[Physics::Module] SDK Version: 4.1.2
[Physics::Module] Integration Version: 1.0.0
[Physics::Module] Threading Mode: Multi-Threaded
Refreshing native plugins compatible for Editor in 0.13 ms, found 0 plugins.
Preloading 0 native plugins for Editor in 0.00 ms.
Initialize engine version: 6000.3.4f1 (fdd3b8998ec4)
[Subsystems] Discovering subsystems at path C:/Program Files/Unity/Hub/Editor/6000.3.4f1/Editor/Data/Resources/UnitySubsystems
[Subsystems] Discovering subsystems at path E:/Unity/TPS_Project/TpsProject/Assets
GfxDevice: creating device client; kGfxThreadingModeNonThreaded
Direct3D:
    Version:  Direct3D 11.0 [level 11.1]
    Renderer: NVIDIA GeForce RTX 3070 (ID=0x2484)
    Vendor:   NVIDIA
    VRAM:     8018 MB
    Driver:   32.0.15.9186
Initialize mono
Mono path[0] = 'C:/Program Files/Unity/Hub/Editor/6000.3.4f1/Editor/Data/Managed'
Mono path[1] = 'C:/Program Files/Unity/Hub/Editor/6000.3.4f1/Editor/Data/MonoBleedingEdge/lib/mono/unityjit-win32'
Mono config path = 'C:/Program Files/Unity/Hub/Editor/6000.3.4f1/Editor/Data/MonoBleedingEdge/etc'
Using monoOptions --debugger-agent=transport=dt_socket,embedding=1,server=y,suspend=n,address=127.0.0.1:56636
Using cacheserver namespaces - metadata:defaultmetadata, artifacts:defaultartifacts
Using cacheserver namespaces - metadata:defaultmetadata, artifacts:defaultartifacts
ImportWorker Server TCP listen port: 0
AcceleratorClientConnectionCallback - disconnected - :0
Begin MonoManager ReloadAssembly
Registering precompiled unity dll's ...
Register platform support module: C:/Program Files/Unity/Hub/Editor/6000.3.4f1/Editor/Data/PlaybackEngines/WindowsStandaloneSupport/UnityEditor.WindowsStandalone.Extensions.dll
Registered in 0.002311 seconds.
- Loaded All Assemblies, in  0.343 seconds
Native extension for WindowsStandalone target not found
ScheduleIndexationOnStartup MainProcess:False IndexOnStartup:True
Mono: successfully reloaded assembly
- Finished resetting the current domain, in  0.287 seconds
Domain Reload Profiling: 626ms
	BeginReloadAssembly (135ms)
		ExecutionOrderSort (0ms)
		DisableScriptedObjects (0ms)
		BackupInstance (0ms)
		ReleaseScriptingObjects (0ms)
		CreateAndSetChildDomain (32ms)
	RebuildCommonClasses (27ms)
	RebuildNativeTypeToScriptingClass (9ms)
	initialDomainReloadingComplete (37ms)
	LoadAllAssembliesAndSetupDomain (131ms)
		LoadAssemblies (100ms)
		RebuildTransferFunctionScriptingTraits (0ms)
		AnalyzeDomain (128ms)
			TypeCache.Refresh (127ms)
				TypeCache.ScanAssembly (116ms)
			BuildScriptInfoCaches (0ms)
			ResolveRequiredComponents (0ms)
	FinalizeReload (287ms)
		ReleaseScriptCaches (0ms)
		RebuildScriptCaches (0ms)
		SetupLoadedEditorAssemblies (260ms)
			LogAssemblyErrors (0ms)
			InitializePlatformSupportModulesInManaged (35ms)
			SetLoadedEditorAssemblies (3ms)
			BeforeProcessingInitializeOnLoad (59ms)
			ProcessInitializeOnLoadAttributes (110ms)
			ProcessInitializeOnLoadMethodAttributes (54ms)
			AfterProcessingInitializeOnLoad (0ms)
			EditorAssembliesLoaded (0ms)
		ExecutionOrderSort2 (0ms)
		AwakeInstancesAfterBackupRestoration (0ms)
[Licensing::Client] Successfully resolved entitlement details
Application.AssetDatabase Initial Refresh Start
Package Manager log level set to [2]
[Package Manager] Restoring resolved packages state from cache
[Licensing::Client] Successfully resolved entitlement details
[Package Manager] Registered 57 packages:
  Packages from [https://packages.unity.com]:
    com.unity.ai.navigation@2.0.9 (location: E:\Unity\TPS_Project\TpsProject\Library\PackageCache\com.unity.ai.navigation@5218e4bf7edc)
    com.unity.collab-proxy@2.11.2 (location: E:\Unity\TPS_Project\TpsProject\Library\PackageCache\com.unity.collab-proxy@1ec4e416a4af)
    com.unity.ide.rider@3.0.38 (location: E:\Unity\TPS_Project\TpsProject\Library\PackageCache\com.unity.ide.rider@1f60b3138684)
    com.unity.ide.visualstudio@2.0.26 (location: E:\Unity\TPS_Project\TpsProject\Library\PackageCache\com.unity.ide.visualstudio@a99d56dec63f)
    com.unity.inputsystem@1.17.0 (location: E:\Unity\TPS_Project\TpsProject\Library\PackageCache\com.unity.inputsystem@02433b2481ab)
    com.unity.timeline@1.8.10 (location: E:\Unity\TPS_Project\TpsProject\Library\PackageCache\com.unity.timeline@7f8b2fb101b6)
    com.unity.visualscripting@1.9.9 (location: E:\Unity\TPS_Project\TpsProject\Library\PackageCache\com.unity.visualscripting@191c0d7e3b69)
    com.unity.searcher@4.9.4 (location: E:\Unity\TPS_Project\TpsProject\Library\PackageCache\com.unity.searcher@d45a78918735)
    com.unity.burst@1.8.27 (location: E:\Unity\TPS_Project\TpsProject\Library\PackageCache\com.unity.burst@973857688024)
    com.unity.mathematics@1.3.3 (location: E:\Unity\TPS_Project\TpsProject\Library\PackageCache\com.unity.mathematics@19a9377c4ffa)
    com.unity.collections@2.6.2 (location: E:\Unity\TPS_Project\TpsProject\Library\PackageCache\com.unity.collections@aea9d3bd5e19)
    com.unity.nuget.mono-cecil@1.11.6 (location: E:\Unity\TPS_Project\TpsProject\Library\PackageCache\com.unity.nuget.mono-cecil@ecb9724e46ff)
    com.unity.test-framework.performance@3.2.0 (location: E:\Unity\TPS_Project\TpsProject\Library\PackageCache\com.unity.test-framework.performance@0840f58e4562)
  Built-in packages:
    com.unity.multiplayer.center@1.0.1 (location: E:\Unity\TPS_Project\TpsProject\Library\PackageCache\com.unity.multiplayer.center@f01f4ba8d00a)
    com.unity.render-pipelines.universal@17.3.0 (location: E:\Unity\TPS_Project\TpsProject\Library\PackageCache\com.unity.render-pipelines.universal@d10049dfa479)
    com.unity.test-framework@1.6.0 (location: E:\Unity\TPS_Project\TpsProject\Library\PackageCache\com.unity.test-framework@0b7a23ab2e1d)
    com.unity.ugui@2.0.0 (location: E:\Unity\TPS_Project\TpsProject\Library\PackageCache\com.unity.ugui@1890c14c96ff)
    com.unity.modules.accessibility@1.0.0 (location: C:\Program Files\Unity\Hub\Editor\6000.3.4f1\Editor\Data\Resources\PackageManager\BuiltInPackages\com.unity.modules.accessibility)
    com.unity.modules.adaptiveperformance@1.0.0 (location: C:\Program Files\Unity\Hub\Editor\6000.3.4f1\Editor\Data\Resources\PackageManager\BuiltInPackages\com.unity.modules.adaptiveperformance)
    com.unity.modules.ai@1.0.0 (location: C:\Program Files\Unity\Hub\Editor\6000.3.4f1\Editor\Data\Resources\PackageManager\BuiltInPackages\com.unity.modules.ai)
    com.unity.modules.androidjni@1.0.0 (location: C:\Program Files\Unity\Hub\Editor\6000.3.4f1\Editor\Data\Resources\PackageManager\BuiltInPackages\com.unity.modules.androidjni)
    com.unity.modules.animation@1.0.0 (location: C:\Program Files\Unity\Hub\Editor\6000.3.4f1\Editor\Data\Resources\PackageManager\BuiltInPackages\com.unity.modules.animation)
    com.unity.modules.assetbundle@1.0.0 (location: C:\Program Files\Unity\Hub\Editor\6000.3.4f1\Editor\Data\Resources\PackageManager\BuiltInPackages\com.unity.modules.assetbundle)
    com.unity.modules.audio@1.0.0 (location: C:\Program Files\Unity\Hub\Editor\6000.3.4f1\Editor\Data\Resources\PackageManager\BuiltInPackages\com.unity.modules.audio)
    com.unity.modules.cloth@1.0.0 (location: C:\Program Files\Unity\Hub\Editor\6000.3.4f1\Editor\Data\Resources\PackageManager\BuiltInPackages\com.unity.modules.cloth)
    com.unity.modules.director@1.0.0 (location: C:\Program Files\Unity\Hub\Editor\6000.3.4f1\Editor\Data\Resources\PackageManager\BuiltInPackages\com.unity.modules.director)
    com.unity.modules.imageconversion@1.0.0 (location: C:\Program Files\Unity\Hub\Editor\6000.3.4f1\Editor\Data\Resources\PackageManager\BuiltInPackages\com.unity.modules.imageconversion)
    com.unity.modules.imgui@1.0.0 (location: C:\Program Files\Unity\Hub\Editor\6000.3.4f1\Editor\Data\Resources\PackageManager\BuiltInPackages\com.unity.modules.imgui)
    com.unity.modules.jsonserialize@1.0.0 (location: C:\Program Files\Unity\Hub\Editor\6000.3.4f1\Editor\Data\Resources\PackageManager\BuiltInPackages\com.unity.modules.jsonserialize)
    com.unity.modules.particlesystem@1.0.0 (location: C:\Program Files\Unity\Hub\Editor\6000.3.4f1\Editor\Data\Resources\PackageManager\BuiltInPackages\com.unity.modules.particlesystem)
    com.unity.modules.physics@1.0.0 (location: C:\Program Files\Unity\Hub\Editor\6000.3.4f1\Editor\Data\Resources\PackageManager\BuiltInPackages\com.unity.modules.physics)
    com.unity.modules.physics2d@1.0.0 (location: C:\Program Files\Unity\Hub\Editor\6000.3.4f1\Editor\Data\Resources\PackageManager\BuiltInPackages\com.unity.modules.physics2d)
    com.unity.modules.screencapture@1.0.0 (location: C:\Program Files\Unity\Hub\Editor\6000.3.4f1\Editor\Data\Resources\PackageManager\BuiltInPackages\com.unity.modules.screencapture)
    com.unity.modules.terrain@1.0.0 (location: C:\Program Files\Unity\Hub\Editor\6000.3.4f1\Editor\Data\Resources\PackageManager\BuiltInPackages\com.unity.modules.terrain)
    com.unity.modules.terrainphysics@1.0.0 (location: C:\Program Files\Unity\Hub\Editor\6000.3.4f1\Editor\Data\Resources\PackageManager\BuiltInPackages\com.unity.modules.terrainphysics)
    com.unity.modules.tilemap@1.0.0 (location: C:\Program Files\Unity\Hub\Editor\6000.3.4f1\Editor\Data\Resources\PackageManager\BuiltInPackages\com.unity.modules.tilemap)
    com.unity.modules.ui@1.0.0 (location: C:\Program Files\Unity\Hub\Editor\6000.3.4f1\Editor\Data\Resources\PackageManager\BuiltInPackages\com.unity.modules.ui)
    com.unity.modules.uielements@1.0.0 (location: C:\Program Files\Unity\Hub\Editor\6000.3.4f1\Editor\Data\Resources\PackageManager\BuiltInPackages\com.unity.modules.uielements)
    com.unity.modules.umbra@1.0.0 (location: C:\Program Files\Unity\Hub\Editor\6000.3.4f1\Editor\Data\Resources\PackageManager\BuiltInPackages\com.unity.modules.umbra)
    com.unity.modules.unityanalytics@1.0.0 (location: C:\Program Files\Unity\Hub\Editor\6000.3.4f1\Editor\Data\Resources\PackageManager\BuiltInPackages\com.unity.modules.unityanalytics)
    com.unity.modules.unitywebrequest@1.0.0 (location: C:\Program Files\Unity\Hub\Editor\6000.3.4f1\Editor\Data\Resources\PackageManager\BuiltInPackages\com.unity.modules.unitywebrequest)
    com.unity.modules.unitywebrequestassetbundle@1.0.0 (location: C:\Program Files\Unity\Hub\Editor\6000.3.4f1\Editor\Data\Resources\PackageManager\BuiltInPackages\com.unity.modules.unitywebrequestassetbundle)
    com.unity.modules.unitywebrequestaudio@1.0.0 (location: C:\Program Files\Unity\Hub\Editor\6000.3.4f1\Editor\Data\Resources\PackageManager\BuiltInPackages\com.unity.modules.unitywebrequestaudio)
    com.unity.modules.unitywebrequesttexture@1.0.0 (location: C:\Program Files\Unity\Hub\Editor\6000.3.4f1\Editor\Data\Resources\PackageManager\BuiltInPackages\com.unity.modules.unitywebrequesttexture)
    com.unity.modules.unitywebrequestwww@1.0.0 (location: C:\Program Files\Unity\Hub\Editor\6000.3.4f1\Editor\Data\Resources\PackageManager\BuiltInPackages\com.unity.modules.unitywebrequestwww)
    com.unity.modules.vectorgraphics@1.0.0 (location: C:\Program Files\Unity\Hub\Editor\6000.3.4f1\Editor\Data\Resources\PackageManager\BuiltInPackages\com.unity.modules.vectorgraphics)
    com.unity.modules.vehicles@1.0.0 (location: C:\Program Files\Unity\Hub\Editor\6000.3.4f1\Editor\Data\Resources\PackageManager\BuiltInPackages\com.unity.modules.vehicles)
    com.unity.modules.video@1.0.0 (location: C:\Program Files\Unity\Hub\Editor\6000.3.4f1\Editor\Data\Resources\PackageManager\BuiltInPackages\com.unity.modules.video)
    com.unity.modules.vr@1.0.0 (location: C:\Program Files\Unity\Hub\Editor\6000.3.4f1\Editor\Data\Resources\PackageManager\BuiltInPackages\com.unity.modules.vr)
    com.unity.modules.wind@1.0.0 (location: C:\Program Files\Unity\Hub\Editor\6000.3.4f1\Editor\Data\Resources\PackageManager\BuiltInPackages\com.unity.modules.wind)
    com.unity.modules.xr@1.0.0 (location: C:\Program Files\Unity\Hub\Editor\6000.3.4f1\Editor\Data\Resources\PackageManager\BuiltInPackages\com.unity.modules.xr)
    com.unity.modules.subsystems@1.0.0 (location: C:\Program Files\Unity\Hub\Editor\6000.3.4f1\Editor\Data\Resources\PackageManager\BuiltInPackages\com.unity.modules.subsystems)
    com.unity.modules.hierarchycore@1.0.0 (location: C:\Program Files\Unity\Hub\Editor\6000.3.4f1\Editor\Data\Resources\PackageManager\BuiltInPackages\com.unity.modules.hierarchycore)
    com.unity.ext.nunit@2.0.5 (location: E:\Unity\TPS_Project\TpsProject\Library\PackageCache\com.unity.ext.nunit@d8c07649098d)
    com.unity.render-pipelines.core@17.3.0 (location: E:\Unity\TPS_Project\TpsProject\Library\PackageCache\com.unity.render-pipelines.core@40aabbb0fdcf)
    com.unity.shadergraph@17.3.0 (location: E:\Unity\TPS_Project\TpsProject\Library\PackageCache\com.unity.shadergraph@3686fafd4720)
    com.unity.render-pipelines.universal-config@17.0.3 (location: E:\Unity\TPS_Project\TpsProject\Library\PackageCache\com.unity.render-pipelines.universal-config@8dc1aab4af1d)
[Subsystems] No new subsystems found in resolved package list.
[Package Manager] Done registering packages in 0.02 seconds
[ScriptCompilation] Requested script compilation because: Assetdatabase observed changes in script compilation related files
IL Post Processor runner process failed to start
UnityEngine.Debug:ExtractStackTraceNoAlloc (byte*,int,string)
UnityEngine.StackTraceUtility:ExtractStackTrace ()
UnityEditor.Scripting.ScriptCompilation.ILPostProcessingProgram:EnsureRunningAndGetSocketOrNamedPipeImpl ()
UnityEditor.Scripting.ScriptCompilation.ILPostProcessingProgram:EnsureRunningAndGetSocketOrNamedPipe ()
UnityEditor.Scripting.ScriptCompilation.UnityBeeDriver:BuildRequestFor (Bee.BeeDriver.RunnableProgram,string,string,bool,NiceIO.NPath,UnityEditor.Scripting.ScriptCompilation.ILPostProcessingProgram,UnityEditor.Scripting.ScriptCompilation.UnityBeeDriver/CacheMode,Bee.BeeDriver.StdOutMode,Bee.BeeDriver.RunnableProgram)
UnityEditor.Scripting.ScriptCompilation.UnityBeeDriver:BuildRequestFor (Bee.BeeDriver.RunnableProgram,UnityEditor.Scripting.ScriptCompilation.EditorCompilation,string,UnityEditor.Scripting.ScriptCompilation.UnityBeeDriver/CacheMode,string,bool)
UnityEditor.Scripting.ScriptCompilation.EditorCompilation:CompileScriptsWithSettings (UnityEditor.Scripting.ScriptCompilation.ScriptAssemblySettings)
UnityEditor.Scripting.ScriptCompilation.EditorCompilation:CompileScripts (UnityEditor.Scripting.ScriptCompilation.EditorScriptCompilationOptions,UnityEditor.BuildTarget,int,string[])
UnityEditor.Scripting.ScriptCompilation.EditorCompilationInterface/<>c__DisplayClass21_0:<CompileScripts>b__0 ()
UnityEditor.Scripting.ScriptCompilation.EditorCompilationInterface:EmitExceptionAsError<UnityEditor.Scripting.ScriptCompilation.EditorCompilation/CompileStatus> (System.Func`1<UnityEditor.Scripting.ScriptCompilation.EditorCompilation/CompileStatus>,UnityEditor.Scripting.ScriptCompilation.EditorCompilation/CompileStatus)
UnityEditor.Scripting.ScriptCompilation.EditorCompilationInterface:CompileScripts (UnityEditor.Scripting.ScriptCompilation.EditorScriptCompilationOptions,UnityEditor.BuildTarget,int,string[])

[C:\build\output\unity\unity\Editor\Src\ScriptCompilation\ILPPExternalProcess.cpp line 109]

Starting: C:\Program Files\Unity\Hub\Editor\6000.3.4f1\Editor\Data\Tools\BuildPipeline\bee_backend.exe --ipc --defer-dag-verification --dagfile="Library/Bee/1900b0aE.dag" --continue-on-failure --profile="Library/Bee/backend1.traceevents" ScriptAssemblies
WorkingDir: E:/Unity/TPS_Project/TpsProject
DisplayProgressbar: Compiling Scripts
ExitCode: 3 Duration: 12s
[676/858    0s] Csc Library/Bee/artifacts/1900b0aE.dag/Assembly-CSharp-Editor.dll (+2 others)
[BUSY       6s] ILPP-Configuration Library/ilpp-configuration.nevergeneratedoutput
[677/858   12s] ILPP-Configuration Library/ilpp-configuration.nevergeneratedoutput
##### CommandLine
"C:\Program Files\Unity\Hub\Editor\6000.3.4f1\Editor\Data\Tools\BuildPipeline\Compilation\Unity.ILPP.Trigger\Unity.ILPP.Trigger.exe" @"Library\Bee\artifacts\rsp\4747638433968585886.rsp"
##### Contents of Library\Bee\artifacts\rsp\4747638433968585886.rsp
"unity-ilpp-77ee9f1ec22d1afddad6d1afa8c1f398" c "Library\Bee\artifacts\1900b0aE.dag\Unity.Burst.CodeGen.dll" "Library\Bee\artifacts\1900b0aE.dag\Unity.Collections.CodeGen.dll" -h "Library\Bee\artifacts\1900b0aE.dag\Unity.Burst.dll" "Library\Bee\artifacts\1900b0aE.dag\UnityEditor.UI.dll" "Library\Bee\artifacts\1900b0aE.dag\UnityEditor.TestRunner.dll" "Library\Bee\artifacts\1900b0aE.dag\UnityEngine.TestRunner.dll" "C:\Program Files\Unity\Hub\Editor\6000.3.4f1\Editor\Data\Managed\UnityEngine\UnityEditor.AccessibilityModule.dll" "C:\Program Files\Unity\Hub\Editor\6000.3.4f1\Editor\Data\Managed\UnityEngine\UnityEditor.AdaptivePerformanceModule.dll" "C:\Program Files\Unity\Hub\Editor\6000.3.4f1\Editor\Data\Managed\UnityEngine\UnityEditor.AssetComplianceModule.dll" "C:\Program Files\Unity\Hub\Editor\6000.3.4f1\Editor\Data\Managed\UnityEngine\UnityEditor.BuildProfileModule.dll" "C:\Program Files\Unity\Hub\Editor\6000.3.4f1\Editor\Data\Managed\UnityEngine\UnityEditor.ClothModule.dll" "C:\Program Files\Unity\Hub\Editor\6000.3.4f1\Editor\Data\Managed\UnityEngine\UnityEditor.CoreBusinessMetricsModule.dll" "C:\Program Files\Unity\Hub\Editor\6000.3.4f1\Editor\Data\Managed\UnityEngine\UnityEditor.CoreModule.dll" "C:\Program Files\Unity\Hub\Editor\6000.3.4f1\Editor\Data\Managed\UnityEngine\UnityEditor.DeviceSimulatorModule.dll" "C:\Program Files\Unity\Hub\Editor\6000.3.4f1\Editor\Data\Managed\UnityEngine\UnityEditor.DiagnosticsModule.dll" "C:\Program Files\Unity\Hub\Editor\6000.3.4f1\Editor\Data\Managed\UnityEngine\UnityEditor.dll" "C:\Program Files\Unity\Hub\Editor\6000.3.4f1\Editor\Data\Managed\UnityEngine\UnityEditor.EditorToolbarModule.dll" "C:\Program Files\Unity\Hub\Editor\6000.3.4f1\Editor\Data\Managed\UnityEngine\UnityEditor.EmbreeModule.dll" "C:\Program Files\Unity\Hub\Editor\6000.3.4f1\Editor\Data\Managed\UnityEngine\UnityEditor.GIModule.dll" "C:\Program Files\Unity\Hub\Editor\6000.3.4f1\Editor\Data\Managed\UnityEngine\UnityEditor.GraphicsStateCollectionSerializerModule.dll" "C:\Program Files\Unity\Hub\Editor\6000.3.4f1\Editor\Data\Managed\UnityEngine\UnityEditor.GraphViewModule.dll" "C:\Program Files\Unity\Hub\Editor\6000.3.4f1\Editor\Data\Managed\UnityEngine\UnityEditor.GridAndSnapModule.dll" "C:\Program Files\Unity\Hub\Editor\6000.3.4f1\Editor\Data\Managed\UnityEngine\UnityEditor.GridModule.dll" "C:\Program Files\Unity\Hub\Editor\6000.3.4f1\Editor\Data\Managed\UnityEngine\UnityEditor.HierarchyModule.dll" "C:\Program Files\Unity\Hub\Editor\6000.3.4f1\Editor\Data\Managed\UnityEngine\UnityEditor.InAppPurchasingModule.dll" "C:\Program Files\Unity\Hub\Editor\6000.3.4f1\Editor\Data\Managed\UnityEngine\UnityEditor.LevelPlayModule.dll" "C:\Program Files\Unity\Hub\Editor\6000.3.4f1\Editor\Data\Managed\UnityEngine\UnityEditor.MediaModule.dll" "C:\Program Files\Unity\Hub\Editor\6000.3.4f1\Editor\Data\Managed\UnityEngine\UnityEditor.MultiplayerModule.dll" "C:\Program Files\Unity\Hub\Editor\6000.3.4f1\Editor\Data\Managed\UnityEngine\UnityEditor.Physics2DModule.dll" "C:\Program Files\Unity\Hub\Editor\6000.3.4f1\Editor\Data\Managed\UnityEngine\UnityEditor.PhysicsModule.dll" "C:\Program Files\Unity\Hub\Editor\6000.3.4f1\Editor\Data\Managed\UnityEngine\UnityEditor.PlayModeModule.dll" "C:\Program Files\Unity\Hub\Editor\6000.3.4f1\Editor\Data\Managed\UnityEngine\UnityEditor.PresetsUIModule.dll" "C:\Program Files\Unity\Hub\Editor\6000.3.4f1\Editor\Data\Managed\UnityEngine\UnityEditor.PropertiesModule.dll" "C:\Program Files\Unity\Hub\Editor\6000.3.4f1\Editor\Data\Managed\UnityEngine\UnityEditor.QuickSearchModule.dll" "C:\Program Files\Unity\Hub\Editor\6000.3.4f1\Editor\Data\Managed\UnityEngine\UnityEditor.SafeModeModule.dll" "C:\Program Files\Unity\Hub\Editor\6000.3.4f1\Editor\Data\Managed\UnityEngine\UnityEditor.SceneTemplateModule.dll" "C:\Program Files\Unity\Hub\Editor\6000.3.4f1\Editor\Data\Managed\UnityEngine\UnityEditor.SceneViewModule.dll" "C:\Program Files\Unity\Hub\Editor\6000.3.4f1\Editor\Data\Managed\UnityEngine\UnityEditor.ShaderBuildSettingsModule.dll" "C:\Program Files\Unity\Hub\Editor\6000.3.4f1\Editor\Data\Managed\UnityEngine\UnityEditor.ShaderCompilationModule.dll" "C:\Program Files\Unity\Hub\Editor\6000.3.4f1\Editor\Data\Managed\UnityEngine\UnityEditor.ShaderFoundryModule.dll" "C:\Program Files\Unity\Hub\Editor\6000.3.4f1\Editor\Data\Managed\UnityEngine\UnityEditor.SketchUpModule.dll" "C:\Program Files\Unity\Hub\Editor\6000.3.4f1\Editor\Data\Managed\UnityEngine\UnityEditor.SpriteMaskModule.dll" "C:\Program Files\Unity\Hub\Editor\6000.3.4f1\Editor\Data\Managed\UnityEngine\UnityEditor.SpriteShapeModule.dll" "C:\Program Files\Unity\Hub\Editor\6000.3.4f1\Editor\Data\Managed\UnityEngine\UnityEditor.SubstanceModule.dll" "C:\Program Files\Unity\Hub\Editor\6000.3.4f1\Editor\Data\Managed\UnityEngine\UnityEditor.TerrainModule.dll" "C:\Program Files\Unity\Hub\Editor\6000.3.4f1\Editor\Data\Managed\UnityEngine\UnityEditor.TextCoreFontEngineModule.dll" "C:\Program Files\Unity\Hub\Editor\6000.3.4f1\Editor\Data\Managed\UnityEngine\UnityEditor.TextCoreTextEngineModule.dll" "C:\Program Files\Unity\Hub\Editor\6000.3.4f1\Editor\Data\Managed\UnityEngine\UnityEditor.TextRenderingModule.dll" "C:\Program Files\Unity\Hub\Editor\6000.3.4f1\Editor\Data\Managed\UnityEngine\UnityEditor.TilemapModule.dll" "C:\Program Files\Unity\Hub\Editor\6000.3.4f1\Editor\Data\Managed\UnityEngine\UnityEditor.TreeModule.dll" "C:\Program Files\Unity\Hub\Editor\6000.3.4f1\Editor\Data\Managed\UnityEngine\UnityEditor.UIAutomationModule.dll" "C:\Program Files\Unity\Hub\Editor\6000.3.4f1\Editor\Data\Managed\UnityEngine\UnityEditor.UIBuilderModule.dll" "C:\Program Files\Unity\Hub\Editor\6000.3.4f1\Editor\Data\Managed\UnityEngine\UnityEditor.UIElementsModule.dll" "C:\Program Files\Unity\Hub\Editor\6000.3.4f1\Editor\Data\Managed\UnityEngine\UnityEditor.UIElementsSamplesModule.dll" "C:\Program Files\Unity\Hub\Editor\6000.3.4f1\Editor\Data\Managed\UnityEngine\UnityEditor.UIToolkitAuthoringModule.dll" "C:\Program Files\Unity\Hub\Editor\6000.3.4f1\Editor\Data\Managed\UnityEngine\UnityEditor.UmbraModule.dll" "C:\Program Files\Unity\Hub\Editor\6000.3.4f1\Editor\Data\Managed\UnityEngine\UnityEditor.UnityConnectModule.dll" "C:\Program Files\Unity\Hub\Editor\6000.3.4f1\Editor\Data\Managed\UnityEngine\UnityEditor.VectorGraphicsModule.dll" "C:\Program Files\Unity\Hub\Editor\6000.3.4f1\Editor\Data\Managed\UnityEngine\UnityEditor.VFXModule.dll" "C:\Program Files\Unity\Hub\Editor\6000.3.4f1\Editor\Data\Managed\UnityEngine\UnityEditor.VideoModule.dll" "C:\Program Files\Unity\Hub\Editor\6000.3.4f1\Editor\Data\Managed\UnityEngine\UnityEditor.XRModule.dll" "C:\Program Files\Unity\Hub\Editor\6000.3.4f1\Editor\Data\Managed\UnityEngine\UnityEngine.AccessibilityModule.dll" "C:\Program Files\Unity\Hub\Editor\6000.3.4f1\Editor\Data\Managed\UnityEngine\UnityEngine.AdaptivePerformanceModule.dll" "C:\Program Files\Unity\Hub\Editor\6000.3.4f1\Editor\Data\Managed\UnityEngine\UnityEngine.AIModule.dll" "C:\Program Files\Unity\Hub\Editor\6000.3.4f1\Editor\Data\Managed\UnityEngine\UnityEngine.AndroidJNIModule.dll" "C:\Program Files\Unity\Hub\Editor\6000.3.4f1\Editor\Data\Managed\UnityEngine\UnityEngine.AnimationModule.dll" "C:\Program Files\Unity\Hub\Editor\6000.3.4f1\Editor\Data\Managed\UnityEngine\UnityEngine.ARModule.dll" "C:\Program Files\Unity\Hub\Editor\6000.3.4f1\Editor\Data\Managed\UnityEngine\UnityEngine.AssetBundleModule.dll" "C:\Program Files\Unity\Hub\Editor\6000.3.4f1\Editor\Data\Managed\UnityEngine\UnityEngine.AudioModule.dll" "C:\Program Files\Unity\Hub\Editor\6000.3.4f1\Editor\Data\Managed\UnityEngine\UnityEngine.ClothModule.dll" "C:\Program Files\Unity\Hub\Editor\6000.3.4f1\Editor\Data\Managed\UnityEngine\UnityEngine.ClusterInputModule.dll" "C:\Program Files\Unity\Hub\Editor\6000.3.4f1\Editor\Data\Managed\UnityEngine\UnityEngine.ClusterRendererModule.dll" "C:\Program Files\Unity\Hub\Editor\6000.3.4f1\Editor\Data\Managed\UnityEngine\UnityEngine.ContentLoadModule.dll" "C:\Program Files\Unity\Hub\Editor\6000.3.4f1\Editor\Data\Managed\UnityEngine\UnityEngine.CoreModule.dll" "C:\Program Files\Unity\Hub\Editor\6000.3.4f1\Editor\Data\Managed\UnityEngine\UnityEngine.CrashReportingModule.dll" "C:\Program Files\Unity\Hub\Editor\6000.3.4f1\Editor\Data\Managed\UnityEngine\UnityEngine.DirectorModule.dll" "C:\Program Files\Unity\Hub\Editor\6000.3.4f1\Editor\Data\Managed\UnityEngine\UnityEngine.dll" "C:\Program Files\Unity\Hub\Editor\6000.3.4f1\Editor\Data\Managed\UnityEngine\UnityEngine.DSPGraphModule.dll" "C:\Program Files\Unity\Hub\Editor\6000.3.4f1\Editor\Data\Managed\UnityEngine\UnityEngine.GameCenterModule.dll" "C:\Program Files\Unity\Hub\Editor\6000.3.4f1\Editor\Data\Managed\UnityEngine\UnityEngine.GIModule.dll" "C:\Program Files\Unity\Hub\Editor\6000.3.4f1\Editor\Data\Managed\UnityEngine\UnityEngine.GraphicsStateCollectionSerializerModule.dll" "C:\Program Files\Unity\Hub\Editor\6000.3.4f1\Editor\Data\Managed\UnityEngine\UnityEngine.GridModule.dll" "C:\Program Files\Unity\Hub\Editor\6000.3.4f1\Editor\Data\Managed\UnityEngine\UnityEngine.HierarchyCoreModule.dll" "C:\Program Files\Unity\Hub\Editor\6000.3.4f1\Editor\Data\Managed\UnityEngine\UnityEngine.HotReloadModule.dll" "C:\Program Files\Unity\Hub\Editor\6000.3.4f1\Editor\Data\Managed\UnityEngine\UnityEngine.IdentifiersModule.dll" "C:\Program Files\Unity\Hub\Editor\6000.3.4f1\Editor\Data\Managed\UnityEngine\UnityEngine.ImageConversionModule.dll" "C:\Program Files\Unity\Hub\Editor\6000.3.4f1\Editor\Data\Managed\UnityEngine\UnityEngine.IMGUIModule.dll" "C:\Program Files\Unity\Hub\Editor\6000.3.4f1\Editor\Data\Managed\UnityEngine\UnityEngine.InputForUIModule.dll" "C:\Program Files\Unity\Hub\Editor\6000.3.4f1\Editor\Data\Managed\UnityEngine\UnityEngine.InputLegacyModule.dll" "C:\Program Files\Unity\Hub\Editor\6000.3.4f1\Editor\Data\Managed\UnityEngine\UnityEngine.InputModule.dll" "C:\Program Files\Unity\Hub\Editor\6000.3.4f1\Editor\Data\Managed\UnityEngine\UnityEngine.InsightsModule.dll" "C:\Program Files\Unity\Hub\Editor\6000.3.4f1\Editor\Data\Managed\UnityEngine\UnityEngine.JSONSerializeModule.dll" "C:\Program Files\Unity\Hub\Editor\6000.3.4f1\Editor\Data\Managed\UnityEngine\UnityEngine.LocalizationModule.dll" "C:\Program Files\Unity\Hub\Editor\6000.3.4f1\Editor\Data\Managed\UnityEngine\UnityEngine.MarshallingModule.dll" "C:\Program Files\Unity\Hub\Editor\6000.3.4f1\Editor\Data\Managed\UnityEngine\UnityEngine.MultiplayerModule.dll" "C:\Program Files\Unity\Hub\Editor\6000.3.4f1\Editor\Data\Managed\UnityEngine\UnityEngine.ParticleSystemModule.dll" "C:\Program Files\Unity\Hub\Editor\6000.3.4f1\Editor\Data\Managed\UnityEngine\UnityEngine.PerformanceReportingModule.dll" "C:\Program Files\Unity\Hub\Editor\6000.3.4f1\Editor\Data\Managed\UnityEngine\UnityEngine.Physics2DModule.dll" "C:\Program Files\Unity\Hub\Editor\6000.3.4f1\Editor\Data\Managed\UnityEngine\UnityEngine.PhysicsBackendPhysXModule.dll" "C:\Program Files\Unity\Hub\Editor\6000.3.4f1\Editor\Data\Managed\UnityEngine\UnityEngine.PhysicsModule.dll" "C:\Program Files\Unity\Hub\Editor\6000.3.4f1\Editor\Data\Managed\UnityEngine\UnityEngine.PropertiesModule.dll" "C:\Program Files\Unity\Hub\Editor\6000.3.4f1\Editor\Data\Managed\UnityEngine\UnityEngine.RenderAs2DModule.dll" "C:\Program Files\Unity\Hub\Editor\6000.3.4f1\Editor\Data\Managed\UnityEngine\UnityEngine.RuntimeInitializeOnLoadManagerInitializerModule.dll" "C:\Program Files\Unity\Hub\Editor\6000.3.4f1\Editor\Data\Managed\UnityEngine\UnityEngine.ScreenCaptureModule.dll" "C:\Program Files\Unity\Hub\Editor\6000.3.4f1\Editor\Data\Managed\UnityEngine\UnityEngine.ShaderRuntimeModule.dll" "C:\Program Files\Unity\Hub\Editor\6000.3.4f1\Editor\Data\Managed\UnityEngine\UnityEngine.ShaderVariantAnalyticsModule.dll" "C:\Program Files\Unity\Hub\Editor\6000.3.4f1\Editor\Data\Managed\UnityEngine\UnityEngine.SharedInternalsModule.dll" "C:\Program Files\Unity\Hub\Editor\6000.3.4f1\Editor\Data\Managed\UnityEngine\UnityEngine.SpriteMaskModule.dll" "C:\Program Files\Unity\Hub\Editor\6000.3.4f1\Editor\Data\Managed\UnityEngine\UnityEngine.SpriteShapeModule.dll" "C:\Program Files\Unity\Hub\Editor\6000.3.4f1\Editor\Data\Managed\UnityEngine\UnityEngine.StreamingModule.dll" "C:\Program Files\Unity\Hub\Editor\6000.3.4f1\Editor\Data\Managed\UnityEngine\UnityEngine.SubstanceModule.dll" "C:\Program Files\Unity\Hub\Editor\6000.3.4f1\Editor\Data\Managed\UnityEngine\UnityEngine.SubsystemsModule.dll" "C:\Program Files\Unity\Hub\Editor\6000.3.4f1\Editor\Data\Managed\UnityEngine\UnityEngine.TerrainModule.dll" "C:\Program Files\Unity\Hub\Editor\6000.3.4f1\Editor\Data\Managed\UnityEngine\UnityEngine.TerrainPhysicsModule.dll" "C:\Program Files\Unity\Hub\Editor\6000.3.4f1\Editor\Data\Managed\UnityEngine\UnityEngine.TextCoreFontEngineModule.dll" "C:\Program Files\Unity\Hub\Editor\6000.3.4f1\Editor\Data\Managed\UnityEngine\UnityEngine.TextCoreTextEngineModule.dll" "C:\Program Files\Unity\Hub\Editor\6000.3.4f1\Editor\Data\Managed\UnityEngine\UnityEngine.TextRenderingModule.dll" "C:\Program Files\Unity\Hub\Editor\6000.3.4f1\Editor\Data\Managed\UnityEngine\UnityEngine.TilemapModule.dll" "C:\Program Files\Unity\Hub\Editor\6000.3.4f1\Editor\Data\Managed\UnityEngine\UnityEngine.TLSModule.dll" "C:\Program Files\Unity\Hub\Editor\6000.3.4f1\Editor\Data\Managed\UnityEngine\UnityEngine.UIElementsModule.dll" "C:\Program Files\Unity\Hub\Editor\6000.3.4f1\Editor\Data\Managed\UnityEngine\UnityEngine.UIModule.dll" "C:\Program Files\Unity\Hub\Editor\6000.3.4f1\Editor\Data\Managed\UnityEngine\UnityEngine.UmbraModule.dll" "C:\Program Files\Unity\Hub\Editor\6000.3.4f1\Editor\Data\Managed\UnityEngine\UnityEngine.UnityAnalyticsCommonModule.dll" "C:\Program Files\Unity\Hub\Editor\6000.3.4f1\Editor\Data\Managed\UnityEngine\UnityEngine.UnityAnalyticsModule.dll" "C:\Program Files\Unity\Hub\Editor\6000.3.4f1\Editor\Data\Managed\UnityEngine\UnityEngine.UnityConnectModule.dll" "C:\Program Files\Unity\Hub\Editor\6000.3.4f1\Editor\Data\Managed\UnityEngine\UnityEngine.UnityConsentModule.dll" "C:\Program Files\Unity\Hub\Editor\6000.3.4f1\Editor\Data\Managed\UnityEngine\UnityEngine.UnityCurlModule.dll" "C:\Program Files\Unity\Hub\Editor\6000.3.4f1\Editor\Data\Managed\UnityEngine\UnityEngine.UnityWebRequestAssetBundleModule.dll" "C:\Program Files\Unity\Hub\Editor\6000.3.4f1\Editor\Data\Managed\UnityEngine\UnityEngine.UnityWebRequestAudioModule.dll" "C:\Program Files\Unity\Hub\Editor\6000.3.4f1\Editor\Data\Managed\UnityEngine\UnityEngine.UnityWebRequestModule.dll" "C:\Program Files\Unity\Hub\Editor\6000.3.4f1\Editor\Data\Managed\UnityEngine\UnityEngine.UnityWebRequestTextureModule.dll" "C:\Program Files\Unity\Hub\Editor\6000.3.4f1\Editor\Data\Managed\UnityEngine\UnityEngine.UnityWebRequestWWWModule.dll" "C:\Program Files\Unity\Hub\Editor\6000.3.4f1\Editor\Data\Managed\UnityEngine\UnityEngine.VectorGraphicsModule.dll" "C:\Program Files\Unity\Hub\Editor\6000.3.4f1\Editor\Data\Managed\UnityEngine\UnityEngine.VehiclesModule.dll" "C:\Program Files\Unity\Hub\Editor\6000.3.4f1\Editor\Data\Managed\UnityEngine\UnityEngine.VFXModule.dll" "C:\Program Files\Unity\Hub\Editor\6000.3.4f1\Editor\Data\Managed\UnityEngine\UnityEngine.VideoModule.dll" "C:\Program Files\Unity\Hub\Editor\6000.3.4f1\Editor\Data\Managed\UnityEngine\UnityEngine.VirtualTexturingModule.dll" "C:\Program Files\Unity\Hub\Editor\6000.3.4f1\Editor\Data\Managed\UnityEngine\UnityEngine.VRModule.dll" "C:\Program Files\Unity\Hub\Editor\6000.3.4f1\Editor\Data\Managed\UnityEngine\UnityEngine.WindModule.dll" "C:\Program Files\Unity\Hub\Editor\6000.3.4f1\Editor\Data\Managed\UnityEngine\UnityEngine.XRModule.dll" "C:\Program Files\Unity\Hub\Editor\6000.3.4f1\Editor\Data\NetStandard\compat\2.1.0\shims\netfx\mscorlib.dll" "C:\Program Files\Unity\Hub\Editor\6000.3.4f1\Editor\Data\NetStandard\compat\2.1.0\shims\netfx\System.ComponentModel.Composition.dll" "C:\Program Files\Unity\Hub\Editor\6000.3.4f1\Editor\Data\NetStandard\compat\2.1.0\shims\netfx\System.Core.dll" "C:\Program Files\Unity\Hub\Editor\6000.3.4f1\Editor\Data\NetStandard\compat\2.1.0\shims\netfx\System.Data.dll" "C:\Program Files\Unity\Hub\Editor\6000.3.4f1\Editor\Data\NetStandard\compat\2.1.0\shims\netfx\System.dll" "C:\Program Files\Unity\Hub\Editor\6000.3.4f1\Editor\Data\NetStandard\compat\2.1.0\shims\netfx\System.Drawing.dll" "C:\Program Files\Unity\Hub\Editor\6000.3.4f1\Editor\Data\NetStandard\compat\2.1.0\shims\netfx\System.IO.Compression.FileSystem.dll" "C:\Program Files\Unity\Hub\Editor\6000.3.4f1\Editor\Data\NetStandard\compat\2.1.0\shims\netfx\System.Net.dll" "C:\Program Files\Unity\Hub\Editor\6000.3.4f1\Editor\Data\NetStandard\compat\2.1.0\shims\netfx\System.Numerics.dll" "C:\Program Files\Unity\Hub\Editor\6000.3.4f1\Editor\Data\NetStandard\compat\2.1.0\shims\netfx\System.Runtime.Serialization.dll" "C:\Program Files\Unity\Hub\Editor\6000.3.4f1\Editor\Data\NetStandard\compat\2.1.0\shims\netfx\System.ServiceModel.Web.dll" "C:\Program Files\Unity\Hub\Editor\6000.3.4f1\Editor\Data\NetStandard\compat\2.1.0\shims\netfx\System.Transactions.dll" "C:\Program Files\Unity\Hub\Editor\6000.3.4f1\Editor\Data\NetStandard\compat\2.1.0\shims\netfx\System.Web.dll" "C:\Program Files\Unity\Hub\Editor\6000.3.4f1\Editor\Data\NetStandard\compat\2.1.0\shims\netfx\System.Windows.dll" "C:\Program Files\Unity\Hub\Editor\6000.3.4f1\Editor\Data\NetStandard\compat\2.1.0\shims\netfx\System.Xml.dll" "C:\Program Files\Unity\Hub\Editor\6000.3.4f1\Editor\Data\NetStandard\compat\2.1.0\shims\netfx\System.Xml.Linq.dll" "C:\Program Files\Unity\Hub\Editor\6000.3.4f1\Editor\Data\NetStandard\compat\2.1.0\shims\netfx\System.Xml.Serialization.dll" "C:\Program Files\Unity\Hub\Editor\6000.3.4f1\Editor\Data\NetStandard\compat\2.1.0\shims\netstandard\Microsoft.Win32.Primitives.dll" "C:\Program Files\Unity\Hub\Editor\6000.3.4f1\Editor\Data\NetStandard\compat\2.1.0\shims\netstandard\System.AppContext.dll" "C:\Program Files\Unity\Hub\Editor\6000.3.4f1\Editor\Data\NetStandard\compat\2.1.0\shims\netstandard\System.Buffers.dll" "C:\Program Files\Unity\Hub\Editor\6000.3.4f1\Editor\Data\NetStandard\compat\2.1.0\shims\netstandard\System.Collections.Concurrent.dll" "C:\Program Files\Unity\Hub\Editor\6000.3.4f1\Editor\Data\NetStandard\compat\2.1.0\shims\netstandard\System.Collections.dll" "C:\Program Files\Unity\Hub\Editor\6000.3.4f1\Editor\Data\NetStandard\compat\2.1.0\shims\netstandard\System.Collections.NonGeneric.dll" "C:\Program Files\Unity\Hub\Editor\6000.3.4f1\Editor\Data\NetStandard\compat\2.1.0\shims\netstandard\System.Collections.Specialized.dll" "C:\Program Files\Unity\Hub\Editor\6000.3.4f1\Editor\Data\NetStandard\compat\2.1.0\shims\netstandard\System.ComponentModel.dll" "C:\Program Files\Unity\Hub\Editor\6000.3.4f1\Editor\Data\NetStandard\compat\2.1.0\shims\netstandard\System.ComponentModel.EventBasedAsync.dll" "C:\Program Files\Unity\Hub\Editor\6000.3.4f1\Editor\Data\NetStandard\compat\2.1.0\shims\netstandard\System.ComponentModel.Primitives.dll" "C:\Program Files\Unity\Hub\Editor\6000.3.4f1\Editor\Data\NetStandard\compat\2.1.0\shims\netstandard\System.ComponentModel.TypeConverter.dll" "C:\Program Files\Unity\Hub\Editor\6000.3.4f1\Editor\Data\NetStandard\compat\2.1.0\shims\netstandard\System.Console.dll" "C:\Program Files\Unity\Hub\Editor\6000.3.4f1\Editor\Data\NetStandard\compat\2.1.0\shims\netstandard\System.Data.Common.dll" "C:\Program Files\Unity\Hub\Editor\6000.3.4f1\Editor\Data\NetStandard\compat\2.1.0\shims\netstandard\System.Diagnostics.Contracts.dll" "C:\Program Files\Unity\Hub\Editor\6000.3.4f1\Editor\Data\NetStandard\compat\2.1.0\shims\netstandard\System.Diagnostics.Debug.dll" "C:\Program Files\Unity\Hub\Editor\6000.3.4f1\Editor\Data\NetStandard\compat\2.1.0\shims\netstandard\System.Diagnostics.FileVersionInfo.dll" "C:\Program Files\Unity\Hub\Editor\6000.3.4f1\Editor\Data\NetStandard\compat\2.1.0\shims\netstandard\System.Diagnostics.Process.dll" "C:\Program Files\Unity\Hub\Editor\6000.3.4f1\Editor\Data\NetStandard\compat\2.1.0\shims\netstandard\System.Diagnostics.StackTrace.dll" "C:\Program Files\Unity\Hub\Editor\6000.3.4f1\Editor\Data\NetStandard\compat\2.1.0\shims\netstandard\System.Diagnostics.TextWriterTraceListener.dll" "C:\Program Files\Unity\Hub\Editor\6000.3.4f1\Editor\Data\NetStandard\compat\2.1.0\shims\netstandard\System.Diagnostics.Tools.dll" "C:\Program Files\Unity\Hub\Editor\6000.3.4f1\Editor\Data\NetStandard\compat\2.1.0\shims\netstandard\System.Diagnostics.TraceSource.dll" "C:\Program Files\Unity\Hub\Editor\6000.3.4f1\Editor\Data\NetStandard\compat\2.1.0\shims\netstandard\System.Diagnostics.Tracing.dll" "C:\Program Files\Unity\Hub\Editor\6000.3.4f1\Editor\Data\NetStandard\compat\2.1.0\shims\netstandard\System.Drawing.Primitives.dll" "C:\Program Files\Unity\Hub\Editor\6000.3.4f1\Editor\Data\NetStandard\compat\2.1.0\shims\netstandard\System.Dynamic.Runtime.dll" "C:\Program Files\Unity\Hub\Editor\6000.3.4f1\Editor\Data\NetStandard\compat\2.1.0\shims\netstandard\System.Globalization.Calendars.dll" "C:\Program Files\Unity\Hub\Editor\6000.3.4f1\Editor\Data\NetStandard\compat\2.1.0\shims\netstandard\System.Globalization.dll" "C:\Program Files\Unity\Hub\Editor\6000.3.4f1\Editor\Data\NetStandard\compat\2.1.0\shims\netstandard\System.Globalization.Extensions.dll" "C:\Program Files\Unity\Hub\Editor\6000.3.4f1\Editor\Data\NetStandard\compat\2.1.0\shims\netstandard\System.IO.Compression.dll" "C:\Program Files\Unity\Hub\Editor\6000.3.4f1\Editor\Data\NetStandard\compat\2.1.0\shims\netstandard\System.IO.Compression.ZipFile.dll" "C:\Program Files\Unity\Hub\Editor\6000.3.4f1\Editor\Data\NetStandard\compat\2.1.0\shims\netstandard\System.IO.dll" "C:\Program Files\Unity\Hub\Editor\6000.3.4f1\Editor\Data\NetStandard\compat\2.1.0\shims\netstandard\System.IO.FileSystem.dll" "C:\Program Files\Unity\Hub\Editor\6000.3.4f1\Editor\Data\NetStandard\compat\2.1.0\shims\netstandard\System.IO.FileSystem.DriveInfo.dll" "C:\Program Files\Unity\Hub\Editor\6000.3.4f1\Editor\Data\NetStandard\compat\2.1.0\shims\netstandard\System.IO.FileSystem.Primitives.dll" "C:\Program Files\Unity\Hub\Editor\6000.3.4f1\Editor\Data\NetStandard\compat\2.1.0\shims\netstandard\System.IO.FileSystem.Watcher.dll" "C:\Program Files\Unity\Hub\Editor\6000.3.4f1\Editor\Data\NetStandard\compat\2.1.0\shims\netstandard\System.IO.IsolatedStorage.dll" "C:\Program Files\Unity\Hub\Editor\6000.3.4f1\Editor\Data\NetStandard\compat\2.1.0\shims\netstandard\System.IO.MemoryMappedFiles.dll" "C:\Program Files\Unity\Hub\Editor\6000.3.4f1\Editor\Data\NetStandard\compat\2.1.0\shims\netstandard\System.IO.Pipes.dll" "C:\Program Files\Unity\Hub\Editor\6000.3.4f1\Editor\Data\NetStandard\compat\2.1.0\shims\netstandard\System.IO.UnmanagedMemoryStream.dll" "C:\Program Files\Unity\Hub\Editor\6000.3.4f1\Editor\Data\NetStandard\compat\2.1.0\shims\netstandard\System.Linq.dll" "C:\Program Files\Unity\Hub\Editor\6000.3.4f1\Editor\Data\NetStandard\compat\2.1.0\shims\netstandard\System.Linq.Expressions.dll" "C:\Program Files\Unity\Hub\Editor\6000.3.4f1\Editor\Data\NetStandard\compat\2.1.0\shims\netstandard\System.Linq.Parallel.dll" "C:\Program Files\Unity\Hub\Editor\6000.3.4f1\Editor\Data\NetStandard\compat\2.1.0\shims\netstandard\System.Linq.Queryable.dll" "C:\Program Files\Unity\Hub\Editor\6000.3.4f1\Editor\Data\NetStandard\compat\2.1.0\shims\netstandard\System.Memory.dll" "C:\Program Files\Unity\Hub\Editor\6000.3.4f1\Editor\Data\NetStandard\compat\2.1.0\shims\netstandard\System.Net.Http.dll" "C:\Program Files\Unity\Hub\Editor\6000.3.4f1\Editor\Data\NetStandard\compat\2.1.0\shims\netstandard\System.Net.NameResolution.dll" "C:\Program Files\Unity\Hub\Editor\6000.3.4f1\Editor\Data\NetStandard\compat\2.1.0\shims\netstandard\System.Net.NetworkInformation.dll" "C:\Program Files\Unity\Hub\Editor\6000.3.4f1\Editor\Data\NetStandard\compat\2.1.0\shims\netstandard\System.Net.Ping.dll" "C:\Program Files\Unity\Hub\Editor\6000.3.4f1\Editor\Data\NetStandard\compat\2.1.0\shims\netstandard\System.Net.Primitives.dll" "C:\Program Files\Unity\Hub\Editor\6000.3.4f1\Editor\Data\NetStandard\compat\2.1.0\shims\netstandard\System.Net.Requests.dll" "C:\Program Files\Unity\Hub\Editor\6000.3.4f1\Editor\Data\NetStandard\compat\2.1.0\shims\netstandard\System.Net.Security.dll" "C:\Program Files\Unity\Hub\Editor\6000.3.4f1\Editor\Data\NetStandard\compat\2.1.0\shims\netstandard\System.Net.Sockets.dll" "C:\Program Files\Unity\Hub\Editor\6000.3.4f1\Editor\Data\NetStandard\compat\2.1.0\shims\netstandard\System.Net.WebHeaderCollection.dll" "C:\Program Files\Unity\Hub\Editor\6000.3.4f1\Editor\Data\NetStandard\compat\2.1.0\shims\netstandard\System.Net.WebSockets.Client.dll" "C:\Program Files\Unity\Hub\Editor\6000.3.4f1\Editor\Data\NetStandard\compat\2.1.0\shims\netstandard\System.Net.WebSockets.dll" "C:\Program Files\Unity\Hub\Editor\6000.3.4f1\Editor\Data\NetStandard\compat\2.1.0\shims\netstandard\System.Numerics.Vectors.dll" "C:\Program Files\Unity\Hub\Editor\6000.3.4f1\Editor\Data\NetStandard\compat\2.1.0\shims\netstandard\System.ObjectModel.dll" "C:\Program Files\Unity\Hub\Editor\6000.3.4f1\Editor\Data\NetStandard\compat\2.1.0\shims\netstandard\System.Reflection.DispatchProxy.dll" "C:\Program Files\Unity\Hub\Editor\6000.3.4f1\Editor\Data\NetStandard\compat\2.1.0\shims\netstandard\System.Reflection.dll" "C:\Program Files\Unity\Hub\Editor\6000.3.4f1\Editor\Data\NetStandard\compat\2.1.0\shims\netstandard\System.Reflection.Emit.dll" "C:\Program Files\Unity\Hub\Editor\6000.3.4f1\Editor\Data\NetStandard\compat\2.1.0\shims\netstandard\System.Reflection.Emit.ILGeneration.dll" "C:\Program Files\Unity\Hub\Editor\6000.3.4f1\Editor\Data\NetStandard\compat\2.1.0\shims\netstandard\System.Reflection.Emit.Lightweight.dll" "C:\Program Files\Unity\Hub\Editor\6000.3.4f1\Editor\Data\NetStandard\compat\2.1.0\shims\netstandard\System.Reflection.Extensions.dll" "C:\Program Files\Unity\Hub\Editor\6000.3.4f1\Editor\Data\NetStandard\compat\2.1.0\shims\netstandard\System.Reflection.Primitives.dll" "C:\Program Files\Unity\Hub\Editor\6000.3.4f1\Editor\Data\NetStandard\compat\2.1.0\shims\netstandard\System.Resources.Reader.dll" "C:\Program Files\Unity\Hub\Editor\6000.3.4f1\Editor\Data\NetStandard\compat\2.1.0\shims\netstandard\System.Resources.ResourceManager.dll" "C:\Program Files\Unity\Hub\Editor\6000.3.4f1\Editor\Data\NetStandard\compat\2.1.0\shims\netstandard\System.Resources.Writer.dll" "C:\Program Files\Unity\Hub\Editor\6000.3.4f1\Editor\Data\NetStandard\compat\2.1.0\shims\netstandard\System.Runtime.CompilerServices.VisualC.dll" "C:\Program Files\Unity\Hub\Editor\6000.3.4f1\Editor\Data\NetStandard\compat\2.1.0\shims\netstandard\System.Runtime.dll" "C:\Program Files\Unity\Hub\Editor\6000.3.4f1\Editor\Data\NetStandard\compat\2.1.0\shims\netstandard\System.Runtime.Extensions.dll" "C:\Program Files\Unity\Hub\Editor\6000.3.4f1\Editor\Data\NetStandard\compat\2.1.0\shims\netstandard\System.Runtime.Handles.dll" "C:\Program Files\Unity\Hub\Editor\6000.3.4f1\Editor\Data\NetStandard\compat\2.1.0\shims\netstandard\System.Runtime.InteropServices.dll" "C:\Program Files\Unity\Hub\Editor\6000.3.4f1\Editor\Data\NetStandard\compat\2.1.0\shims\netstandard\System.Runtime.InteropServices.RuntimeInformation.dll" "C:\Program Files\Unity\Hub\Editor\6000.3.4f1\Editor\Data\NetStandard\compat\2.1.0\shims\netstandard\System.Runtime.Numerics.dll" "C:\Program Files\Unity\Hub\Editor\6000.3.4f1\Editor\Data\NetStandard\compat\2.1.0\shims\netstandard\System.Runtime.Serialization.Formatters.dll" "C:\Program Files\Unity\Hub\Editor\6000.3.4f1\Editor\Data\NetStandard\compat\2.1.0\shims\netstandard\System.Runtime.Serialization.Json.dll" "C:\Program Files\Unity\Hub\Editor\6000.3.4f1\Editor\Data\NetStandard\compat\2.1.0\shims\netstandard\System.Runtime.Serialization.Primitives.dll" "C:\Program Files\Unity\Hub\Editor\6000.3.4f1\Editor\Data\NetStandard\compat\2.1.0\shims\netstandard\System.Runtime.Serialization.Xml.dll" "C:\Program Files\Unity\Hub\Editor\6000.3.4f1\Editor\Data\NetStandard\compat\2.1.0\shims\netstandard\System.Security.Claims.dll" "C:\Program Files\Unity\Hub\Editor\6000.3.4f1\Editor\Data\NetStandard\compat\2.1.0\shims\netstandard\System.Security.Cryptography.Algorithms.dll" "C:\Program Files\Unity\Hub\Editor\6000.3.4f1\Editor\Data\NetStandard\compat\2.1.0\shims\netstandard\System.Security.Cryptography.Csp.dll" "C:\Program Files\Unity\Hub\Editor\6000.3.4f1\Editor\Data\NetStandard\compat\2.1.0\shims\netstandard\System.Security.Cryptography.Encoding.dll" "C:\Program Files\Unity\Hub\Editor\6000.3.4f1\Editor\Data\NetStandard\compat\2.1.0\shims\netstandard\System.Security.Cryptography.Primitives.dll" "C:\Program Files\Unity\Hub\Editor\6000.3.4f1\Editor\Data\NetStandard\compat\2.1.0\shims\netstandard\System.Security.Cryptography.X509Certificates.dll" "C:\Program Files\Unity\Hub\Editor\6000.3.4f1\Editor\Data\NetStandard\compat\2.1.0\shims\netstandard\System.Security.Principal.dll" "C:\Program Files\Unity\Hub\Editor\6000.3.4f1\Editor\Data\NetStandard\compat\2.1.0\shims\netstandard\System.Security.SecureString.dll" "C:\Program Files\Unity\Hub\Editor\6000.3.4f1\Editor\Data\NetStandard\compat\2.1.0\shims\netstandard\System.Text.Encoding.dll" "C:\Program Files\Unity\Hub\Editor\6000.3.4f1\Editor\Data\NetStandard\compat\2.1.0\shims\netstandard\System.Text.Encoding.Extensions.dll" "C:\Program Files\Unity\Hub\Editor\6000.3.4f1\Editor\Data\NetStandard\compat\2.1.0\shims\netstandard\System.Text.RegularExpressions.dll" "C:\Program Files\Unity\Hub\Editor\6000.3.4f1\Editor\Data\NetStandard\compat\2.1.0\shims\netstandard\System.Threading.dll" "C:\Program Files\Unity\Hub\Editor\6000.3.4f1\Editor\Data\NetStandard\compat\2.1.0\shims\netstandard\System.Threading.Overlapped.dll" "C:\Program Files\Unity\Hub\Editor\6000.3.4f1\Editor\Data\NetStandard\compat\2.1.0\shims\netstandard\System.Threading.Tasks.dll" "C:\Program Files\Unity\Hub\Editor\6000.3.4f1\Editor\Data\NetStandard\compat\2.1.0\shims\netstandard\System.Threading.Tasks.Extensions.dll" "C:\Program Files\Unity\Hub\Editor\6000.3.4f1\Editor\Data\NetStandard\compat\2.1.0\shims\netstandard\System.Threading.Tasks.Parallel.dll" "C:\Program Files\Unity\Hub\Editor\6000.3.4f1\Editor\Data\NetStandard\compat\2.1.0\shims\netstandard\System.Threading.Thread.dll" "C:\Program Files\Unity\Hub\Editor\6000.3.4f1\Editor\Data\NetStandard\compat\2.1.0\shims\netstandard\System.Threading.ThreadPool.dll" "C:\Program Files\Unity\Hub\Editor\6000.3.4f1\Editor\Data\NetStandard\compat\2.1.0\shims\netstandard\System.Threading.Timer.dll" "C:\Program Files\Unity\Hub\Editor\6000.3.4f1\Editor\Data\NetStandard\compat\2.1.0\shims\netstandard\System.ValueTuple.dll" "C:\Program Files\Unity\Hub\Editor\6000.3.4f1\Editor\Data\NetStandard\compat\2.1.0\shims\netstandard\System.Xml.ReaderWriter.dll" "C:\Program Files\Unity\Hub\Editor\6000.3.4f1\Editor\Data\NetStandard\compat\2.1.0\shims\netstandard\System.Xml.XDocument.dll" "C:\Program Files\Unity\Hub\Editor\6000.3.4f1\Editor\Data\NetStandard\compat\2.1.0\shims\netstandard\System.Xml.XmlDocument.dll" "C:\Program Files\Unity\Hub\Editor\6000.3.4f1\Editor\Data\NetStandard\compat\2.1.0\shims\netstandard\System.Xml.XmlSerializer.dll" "C:\Program Files\Unity\Hub\Editor\6000.3.4f1\Editor\Data\NetStandard\compat\2.1.0\shims\netstandard\System.Xml.XPath.dll" "C:\Program Files\Unity\Hub\Editor\6000.3.4f1\Editor\Data\NetStandard\compat\2.1.0\shims\netstandard\System.Xml.XPath.XDocument.dll" "C:\Program Files\Unity\Hub\Editor\6000.3.4f1\Editor\Data\NetStandard\Extensions\2.0.0\System.Runtime.InteropServices.WindowsRuntime.dll" "C:\Program Files\Unity\Hub\Editor\6000.3.4f1\Editor\Data\NetStandard\ref\2.1.0\netstandard.dll" "Library\PackageCache\com.unity.ext.nunit@d8c07649098d\net40\unity-custom\nunit.framework.dll" "C:\Program Files\Unity\Hub\Editor\6000.3.4f1\Editor\Data\Managed\UnityEditor.Graphs.dll" "C:\Program Files\Unity\Hub\Editor\6000.3.4f1\Editor\Data\Managed\UnityEngine\UnityEngine.AMDModule.dll" "C:\Program Files\Unity\Hub\Editor\6000.3.4f1\Editor\Data\Managed\UnityEngine\UnityEngine.HierarchyModule.dll" "C:\Program Files\Unity\Hub\Editor\6000.3.4f1\Editor\Data\Managed\UnityEngine\UnityEngine.NVIDIAModule.dll" "C:\Program Files\Unity\Hub\Editor\6000.3.4f1\Editor\Data\PlaybackEngines\WindowsStandaloneSupport\UnityEditor.WindowsStandalone.Extensions.dll" "C:\Program Files\Unity\Hub\Editor\6000.3.4f1\Editor\Data\UnityReferenceAssemblies\unity-4.8-api\Facades\Microsoft.Win32.Primitives.dll" "C:\Program Files\Unity\Hub\Editor\6000.3.4f1\Editor\Data\UnityReferenceAssemblies\unity-4.8-api\Facades\netstandard.dll" "C:\Program Files\Unity\Hub\Editor\6000.3.4f1\Editor\Data\UnityReferenceAssemblies\unity-4.8-api\Facades\System.AppContext.dll" "C:\Program Files\Unity\Hub\Editor\6000.3.4f1\Editor\Data\UnityReferenceAssemblies\unity-4.8-api\Facades\System.Buffers.dll" "C:\Program Files\Unity\Hub\Editor\6000.3.4f1\Editor\Data\UnityReferenceAssemblies\unity-4.8-api\Facades\System.Collections.Concurrent.dll" "C:\Program Files\Unity\Hub\Editor\6000.3.4f1\Editor\Data\UnityReferenceAssemblies\unity-4.8-api\Facades\System.Collections.dll" "C:\Program Files\Unity\Hub\Editor\6000.3.4f1\Editor\Data\UnityReferenceAssemblies\unity-4.8-api\Facades\System.Collections.NonGeneric.dll" "C:\Program Files\Unity\Hub\Editor\6000.3.4f1\Editor\Data\UnityReferenceAssemblies\unity-4.8-api\Facades\System.Collections.Specialized.dll" "C:\Program Files\Unity\Hub\Editor\6000.3.4f1\Editor\Data\UnityReferenceAssemblies\unity-4.8-api\Facades\System.ComponentModel.Annotations.dll" "C:\Program Files\Unity\Hub\Editor\6000.3.4f1\Editor\Data\UnityReferenceAssemblies\unity-4.8-api\Facades\System.ComponentModel.dll" "C:\Program Files\Unity\Hub\Editor\6000.3.4f1\Editor\Data\UnityReferenceAssemblies\unity-4.8-api\Facades\System.ComponentModel.EventBasedAsync.dll" "C:\Program Files\Unity\Hub\Editor\6000.3.4f1\Editor\Data\UnityReferenceAssemblies\unity-4.8-api\Facades\System.ComponentModel.Primitives.dll" "C:\Program Files\Unity\Hub\Editor\6000.3.4f1\Editor\Data\UnityReferenceAssemblies\unity-4.8-api\Facades\System.ComponentModel.TypeConverter.dll" "C:\Program Files\Unity\Hub\Editor\6000.3.4f1\Editor\Data\UnityReferenceAssemblies\unity-4.8-api\Facades\System.Console.dll" "C:\Program Files\Unity\Hub\Editor\6000.3.4f1\Editor\Data\UnityReferenceAssemblies\unity-4.8-api\Facades\System.Data.Common.dll" "C:\Program Files\Unity\Hub\Editor\6000.3.4f1\Editor\Data\UnityReferenceAssemblies\unity-4.8-api\Facades\System.Diagnostics.Contracts.dll" "C:\Program Files\Unity\Hub\Editor\6000.3.4f1\Editor\Data\UnityReferenceAssemblies\unity-4.8-api\Facades\System.Diagnostics.Debug.dll" "C:\Program Files\Unity\Hub\Editor\6000.3.4f1\Editor\Data\UnityReferenceAssemblies\unity-4.8-api\Facades\System.Diagnostics.FileVersionInfo.dll" "C:\Program Files\Unity\Hub\Editor\6000.3.4f1\Editor\Data\UnityReferenceAssemblies\unity-4.8-api\Facades\System.Diagnostics.Process.dll" "C:\Program Files\Unity\Hub\Editor\6000.3.4f1\Editor\Data\UnityReferenceAssemblies\unity-4.8-api\Facades\System.Diagnostics.StackTrace.dll" "C:\Program Files\Unity\Hub\Editor\6000.3.4f1\Editor\Data\UnityReferenceAssemblies\unity-4.8-api\Facades\System.Diagnostics.TextWriterTraceListener.dll" "C:\Program Files\Unity\Hub\Editor\6000.3.4f1\Editor\Data\UnityReferenceAssemblies\unity-4.8-api\Facades\System.Diagnostics.Tools.dll" "C:\Program Files\Unity\Hub\Editor\6000.3.4f1\Editor\Data\UnityReferenceAssemblies\unity-4.8-api\Facades\System.Diagnostics.TraceSource.dll" "C:\Program Files\Unity\Hub\Editor\6000.3.4f1\Editor\Data\UnityReferenceAssemblies\unity-4.8-api\Facades\System.Drawing.Primitives.dll" "C:\Program Files\Unity\Hub\Editor\6000.3.4f1\Editor\Data\UnityReferenceAssemblies\unity-4.8-api\Facades\System.Dynamic.Runtime.dll" "C:\Program Files\Unity\Hub\Editor\6000.3.4f1\Editor\Data\UnityReferenceAssemblies\unity-4.8-api\Facades\System.Globalization.Calendars.dll" "C:\Program Files\Unity\Hub\Editor\6000.3.4f1\Editor\Data\UnityReferenceAssemblies\unity-4.8-api\Facades\System.Globalization.dll" "C:\Program Files\Unity\Hub\Editor\6000.3.4f1\Editor\Data\UnityReferenceAssemblies\unity-4.8-api\Facades\System.Globalization.Extensions.dll" "C:\Program Files\Unity\Hub\Editor\6000.3.4f1\Editor\Data\UnityReferenceAssemblies\unity-4.8-api\Facades\System.IO.Compression.ZipFile.dll" "C:\Program Files\Unity\Hub\Editor\6000.3.4f1\Editor\Data\UnityReferenceAssemblies\unity-4.8-api\Facades\System.IO.dll" "C:\Program Files\Unity\Hub\Editor\6000.3.4f1\Editor\Data\UnityReferenceAssemblies\unity-4.8-api\Facades\System.IO.FileSystem.dll" "C:\Program Files\Unity\Hub\Editor\6000.3.4f1\Editor\Data\UnityReferenceAssemblies\unity-4.8-api\Facades\System.IO.FileSystem.DriveInfo.dll" "C:\Program Files\Unity\Hub\Editor\6000.3.4f1\Editor\Data\UnityReferenceAssemblies\unity-4.8-api\Facades\System.IO.FileSystem.Primitives.dll" "C:\Program Files\Unity\Hub\Editor\6000.3.4f1\Editor\Data\UnityReferenceAssemblies\unity-4.8-api\Facades\System.IO.FileSystem.Watcher.dll" "C:\Program Files\Unity\Hub\Editor\6000.3.4f1\Editor\Data\UnityReferenceAssemblies\unity-4.8-api\Facades\System.IO.IsolatedStorage.dll" "C:\Program Files\Unity\Hub\Editor\6000.3.4f1\Editor\Data\UnityReferenceAssemblies\unity-4.8-api\Facades\System.IO.MemoryMappedFiles.dll" "C:\Program Files\Unity\Hub\Editor\6000.3.4f1\Editor\Data\UnityReferenceAssemblies\unity-4.8-api\Facades\System.IO.Pipes.dll" "C:\Program Files\Unity\Hub\Editor\6000.3.4f1\Editor\Data\UnityReferenceAssemblies\unity-4.8-api\Facades\System.IO.UnmanagedMemoryStream.dll" "C:\Program Files\Unity\Hub\Editor\6000.3.4f1\Editor\Data\UnityReferenceAssemblies\unity-4.8-api\Facades\System.Linq.dll" "C:\Program Files\Unity\Hub\Editor\6000.3.4f1\Editor\Data\UnityReferenceAssemblies\unity-4.8-api\Facades\System.Linq.Expressions.dll" "C:\Program Files\Unity\Hub\Editor\6000.3.4f1\Editor\Data\UnityReferenceAssemblies\unity-4.8-api\Facades\System.Linq.Parallel.dll" "C:\Program Files\Unity\Hub\Editor\6000.3.4f1\Editor\Data\UnityReferenceAssemblies\unity-4.8-api\Facades\System.Linq.Queryable.dll" "C:\Program Files\Unity\Hub\Editor\6000.3.4f1\Editor\Data\UnityReferenceAssemblies\unity-4.8-api\Facades\System.Memory.dll" "C:\Program Files\Unity\Hub\Editor\6000.3.4f1\Editor\Data\UnityReferenceAssemblies\unity-4.8-api\Facades\System.Net.Http.Rtc.dll" "C:\Program Files\Unity\Hub\Editor\6000.3.4f1\Editor\Data\UnityReferenceAssemblies\unity-4.8-api\Facades\System.Net.NameResolution.dll" "C:\Program Files\Unity\Hub\Editor\6000.3.4f1\Editor\Data\UnityReferenceAssemblies\unity-4.8-api\Facades\System.Net.NetworkInformation.dll" "C:\Program Files\Unity\Hub\Editor\6000.3.4f1\Editor\Data\UnityReferenceAssemblies\unity-4.8-api\Facades\System.Net.Ping.dll" "C:\Program Files\Unity\Hub\Editor\6000.3.4f1\Editor\Data\UnityReferenceAssemblies\unity-4.8-api\Facades\System.Net.Primitives.dll" "C:\Program Files\Unity\Hub\Editor\6000.3.4f1\Editor\Data\UnityReferenceAssemblies\unity-4.8-api\Facades\System.Net.Requests.dll" "C:\Program Files\Unity\Hub\Editor\6000.3.4f1\Editor\Data\UnityReferenceAssemblies\unity-4.8-api\Facades\System.Net.Security.dll" "C:\Program Files\Unity\Hub\Editor\6000.3.4f1\Editor\Data\UnityReferenceAssemblies\unity-4.8-api\Facades\System.Net.Sockets.dll" "C:\Program Files\Unity\Hub\Editor\6000.3.4f1\Editor\Data\UnityReferenceAssemblies\unity-4.8-api\Facades\System.Net.WebHeaderCollection.dll" "C:\Program Files\Unity\Hub\Editor\6000.3.4f1\Editor\Data\UnityReferenceAssemblies\unity-4.8-api\Facades\System.Net.WebSockets.Client.dll" "C:\Program Files\Unity\Hub\Editor\6000.3.4f1\Editor\Data\UnityReferenceAssemblies\unity-4.8-api\Facades\System.Net.WebSockets.dll" "C:\Program Files\Unity\Hub\Editor\6000.3.4f1\Editor\Data\UnityReferenceAssemblies\unity-4.8-api\Facades\System.ObjectModel.dll" "C:\Program Files\Unity\Hub\Editor\6000.3.4f1\Editor\Data\UnityReferenceAssemblies\unity-4.8-api\Facades\System.Reflection.DispatchProxy.dll" "C:\Program Files\Unity\Hub\Editor\6000.3.4f1\Editor\Data\UnityReferenceAssemblies\unity-4.8-api\Facades\System.Reflection.dll" "C:\Program Files\Unity\Hub\Editor\6000.3.4f1\Editor\Data\UnityReferenceAssemblies\unity-4.8-api\Facades\System.Reflection.Emit.dll" "C:\Program Files\Unity\Hub\Editor\6000.3.4f1\Editor\Data\UnityReferenceAssemblies\unity-4.8-api\Facades\System.Reflection.Emit.ILGeneration.dll" "C:\Program Files\Unity\Hub\Editor\6000.3.4f1\Editor\Data\UnityReferenceAssemblies\unity-4.8-api\Facades\System.Reflection.Emit.Lightweight.dll" "C:\Program Files\Unity\Hub\Editor\6000.3.4f1\Editor\Data\UnityReferenceAssemblies\unity-4.8-api\Facades\System.Reflection.Extensions.dll" "C:\Program Files\Unity\Hub\Editor\6000.3.4f1\Editor\Data\UnityReferenceAssemblies\unity-4.8-api\Facades\System.Reflection.Primitives.dll" "C:\Program Files\Unity\Hub\Editor\6000.3.4f1\Editor\Data\UnityReferenceAssemblies\unity-4.8-api\Facades\System.Resources.Reader.dll" "C:\Program Files\Unity\Hub\Editor\6000.3.4f1\Editor\Data\UnityReferenceAssemblies\unity-4.8-api\Facades\System.Resources.ResourceManager.dll" "C:\Program Files\Unity\Hub\Editor\6000.3.4f1\Editor\Data\UnityReferenceAssemblies\unity-4.8-api\Facades\System.Resources.Writer.dll" "C:\Program Files\Unity\Hub\Editor\6000.3.4f1\Editor\Data\UnityReferenceAssemblies\unity-4.8-api\Facades\System.Runtime.CompilerServices.VisualC.dll" "C:\Program Files\Unity\Hub\Editor\6000.3.4f1\Editor\Data\UnityReferenceAssemblies\unity-4.8-api\Facades\System.Runtime.dll" "C:\Program Files\Unity\Hub\Editor\6000.3.4f1\Editor\Data\UnityReferenceAssemblies\unity-4.8-api\Facades\System.Runtime.Extensions.dll" "C:\Program Files\Unity\Hub\Editor\6000.3.4f1\Editor\Data\UnityReferenceAssemblies\unity-4.8-api\Facades\System.Runtime.Handles.dll" "C:\Program Files\Unity\Hub\Editor\6000.3.4f1\Editor\Data\UnityReferenceAssemblies\unity-4.8-api\Facades\System.Runtime.InteropServices.dll" "C:\Program Files\Unity\Hub\Editor\6000.3.4f1\Editor\Data\UnityReferenceAssemblies\unity-4.8-api\Facades\System.Runtime.InteropServices.RuntimeInformation.dll" "C:\Program Files\Unity\Hub\Editor\6000.3.4f1\Editor\Data\UnityReferenceAssemblies\unity-4.8-api\Facades\System.Runtime.InteropServices.WindowsRuntime.dll" "C:\Program Files\Unity\Hub\Editor\6000.3.4f1\Editor\Data\UnityReferenceAssemblies\unity-4.8-api\Facades\System.Runtime.Numerics.dll" "C:\Program Files\Unity\Hub\Editor\6000.3.4f1\Editor\Data\UnityReferenceAssemblies\unity-4.8-api\Facades\System.Runtime.Serialization.Formatters.dll" "C:\Program Files\Unity\Hub\Editor\6000.3.4f1\Editor\Data\UnityReferenceAssemblies\unity-4.8-api\Facades\System.Runtime.Serialization.Json.dll" "C:\Program Files\Unity\Hub\Editor\6000.3.4f1\Editor\Data\UnityReferenceAssemblies\unity-4.8-api\Facades\System.Runtime.Serialization.Primitives.dll" "C:\Program Files\Unity\Hub\Editor\6000.3.4f1\Editor\Data\UnityReferenceAssemblies\unity-4.8-api\Facades\System.Runtime.Serialization.Xml.dll" "C:\Program Files\Unity\Hub\Editor\6000.3.4f1\Editor\Data\UnityReferenceAssemblies\unity-4.8-api\Facades\System.Security.Claims.dll" "C:\Program Files\Unity\Hub\Editor\6000.3.4f1\Editor\Data\UnityReferenceAssemblies\unity-4.8-api\Facades\System.Security.Cryptography.Algorithms.dll" "C:\Program Files\Unity\Hub\Editor\6000.3.4f1\Editor\Data\UnityReferenceAssemblies\unity-4.8-api\Facades\System.Security.Cryptography.Csp.dll" "C:\Program Files\Unity\Hub\Editor\6000.3.4f1\Editor\Data\UnityReferenceAssemblies\unity-4.8-api\Facades\System.Security.Cryptography.Encoding.dll" "C:\Program Files\Unity\Hub\Editor\6000.3.4f1\Editor\Data\UnityReferenceAssemblies\unity-4.8-api\Facades\System.Security.Cryptography.Primitives.dll" "C:\Program Files\Unity\Hub\Editor\6000.3.4f1\Editor\Data\UnityReferenceAssemblies\unity-4.8-api\Facades\System.Security.Cryptography.X509Certificates.dll" "C:\Program Files\Unity\Hub\Editor\6000.3.4f1\Editor\Data\UnityReferenceAssemblies\unity-4.8-api\Facades\System.Security.Principal.dll" "C:\Program Files\Unity\Hub\Editor\6000.3.4f1\Editor\Data\UnityReferenceAssemblies\unity-4.8-api\Facades\System.Security.SecureString.dll" "C:\Program Files\Unity\Hub\Editor\6000.3.4f1\Editor\Data\UnityReferenceAssemblies\unity-4.8-api\Facades\System.ServiceModel.Duplex.dll" "C:\Program Files\Unity\Hub\Editor\6000.3.4f1\Editor\Data\UnityReferenceAssemblies\unity-4.8-api\Facades\System.ServiceModel.Http.dll" "C:\Program Files\Unity\Hub\Editor\6000.3.4f1\Editor\Data\UnityReferenceAssemblies\unity-4.8-api\Facades\System.ServiceModel.NetTcp.dll" "C:\Program Files\Unity\Hub\Editor\6000.3.4f1\Editor\Data\UnityReferenceAssemblies\unity-4.8-api\Facades\System.ServiceModel.Primitives.dll" "C:\Program Files\Unity\Hub\Editor\6000.3.4f1\Editor\Data\UnityReferenceAssemblies\unity-4.8-api\Facades\System.ServiceModel.Security.dll" "C:\Program Files\Unity\Hub\Editor\6000.3.4f1\Editor\Data\UnityReferenceAssemblies\unity-4.8-api\Facades\System.Text.Encoding.dll" "C:\Program Files\Unity\Hub\Editor\6000.3.4f1\Editor\Data\UnityReferenceAssemblies\unity-4.8-api\Facades\System.Text.Encoding.Extensions.dll" "C:\Program Files\Unity\Hub\Editor\6000.3.4f1\Editor\Data\UnityReferenceAssemblies\unity-4.8-api\Facades\System.Text.RegularExpressions.dll" "C:\Program Files\Unity\Hub\Editor\6000.3.4f1\Editor\Data\UnityReferenceAssemblies\unity-4.8-api\Facades\System.Threading.dll" "C:\Program Files\Unity\Hub\Editor\6000.3.4f1\Editor\Data\UnityReferenceAssemblies\unity-4.8-api\Facades\System.Threading.Overlapped.dll" "C:\Program Files\Unity\Hub\Editor\6000.3.4f1\Editor\Data\UnityReferenceAssemblies\unity-4.8-api\Facades\System.Threading.Tasks.dll" "C:\Program Files\Unity\Hub\Editor\6000.3.4f1\Editor\Data\UnityReferenceAssemblies\unity-4.8-api\Facades\System.Threading.Tasks.Extensions.dll" "C:\Program Files\Unity\Hub\Editor\6000.3.4f1\Editor\Data\UnityReferenceAssemblies\unity-4.8-api\Facades\System.Threading.Tasks.Parallel.dll" "C:\Program Files\Unity\Hub\Editor\6000.3.4f1\Editor\Data\UnityReferenceAssemblies\unity-4.8-api\Facades\System.Threading.Thread.dll" "C:\Program Files\Unity\Hub\Editor\6000.3.4f1\Editor\Data\UnityReferenceAssemblies\unity-4.8-api\Facades\System.Threading.ThreadPool.dll" "C:\Program Files\Unity\Hub\Editor\6000.3.4f1\Editor\Data\UnityReferenceAssemblies\unity-4.8-api\Facades\System.Threading.Timer.dll" "C:\Program Files\Unity\Hub\Editor\6000.3.4f1\Editor\Data\UnityReferenceAssemblies\unity-4.8-api\Facades\System.ValueTuple.dll" "C:\Program Files\Unity\Hub\Editor\6000.3.4f1\Editor\Data\UnityReferenceAssemblies\unity-4.8-api\Facades\System.Xml.ReaderWriter.dll" "C:\Program Files\Unity\Hub\Editor\6000.3.4f1\Editor\Data\UnityReferenceAssemblies\unity-4.8-api\Facades\System.Xml.XDocument.dll" "C:\Program Files\Unity\Hub\Editor\6000.3.4f1\Editor\Data\UnityReferenceAssemblies\unity-4.8-api\Facades\System.Xml.XmlDocument.dll" "C:\Program Files\Unity\Hub\Editor\6000.3.4f1\Editor\Data\UnityReferenceAssemblies\unity-4.8-api\Facades\System.Xml.XmlSerializer.dll" "C:\Program Files\Unity\Hub\Editor\6000.3.4f1\Editor\Data\UnityReferenceAssemblies\unity-4.8-api\Facades\System.Xml.XPath.dll" "C:\Program Files\Unity\Hub\Editor\6000.3.4f1\Editor\Data\UnityReferenceAssemblies\unity-4.8-api\Facades\System.Xml.XPath.XDocument.dll" "C:\Program Files\Unity\Hub\Editor\6000.3.4f1\Editor\Data\UnityReferenceAssemblies\unity-4.8-api\Microsoft.CSharp.dll" "C:\Program Files\Unity\Hub\Editor\6000.3.4f1\Editor\Data\UnityReferenceAssemblies\unity-4.8-api\mscorlib.dll" "C:\Program Files\Unity\Hub\Editor\6000.3.4f1\Editor\Data\UnityReferenceAssemblies\unity-4.8-api\System.ComponentModel.Composition.dll" "C:\Program Files\Unity\Hub\Editor\6000.3.4f1\Editor\Data\UnityReferenceAssemblies\unity-4.8-api\System.Core.dll" "C:\Program Files\Unity\Hub\Editor\6000.3.4f1\Editor\Data\UnityReferenceAssemblies\unity-4.8-api\System.Data.DataSetExtensions.dll" "C:\Program Files\Unity\Hub\Editor\6000.3.4f1\Editor\Data\UnityReferenceAssemblies\unity-4.8-api\System.Data.dll" "C:\Program Files\Unity\Hub\Editor\6000.3.4f1\Editor\Data\UnityReferenceAssemblies\unity-4.8-api\System.dll" "C:\Program Files\Unity\Hub\Editor\6000.3.4f1\Editor\Data\UnityReferenceAssemblies\unity-4.8-api\System.Drawing.dll" "C:\Program Files\Unity\Hub\Editor\6000.3.4f1\Editor\Data\UnityReferenceAssemblies\unity-4.8-api\System.IO.Compression.dll" "C:\Program Files\Unity\Hub\Editor\6000.3.4f1\Editor\Data\UnityReferenceAssemblies\unity-4.8-api\System.IO.Compression.FileSystem.dll" "C:\Program Files\Unity\Hub\Editor\6000.3.4f1\Editor\Data\UnityReferenceAssemblies\unity-4.8-api\System.Net.Http.dll" "C:\Program Files\Unity\Hub\Editor\6000.3.4f1\Editor\Data\UnityReferenceAssemblies\unity-4.8-api\System.Numerics.dll" "C:\Program Files\Unity\Hub\Editor\6000.3.4f1\Editor\Data\UnityReferenceAssemblies\unity-4.8-api\System.Numerics.Vectors.dll" "C:\Program Files\Unity\Hub\Editor\6000.3.4f1\Editor\Data\UnityReferenceAssemblies\unity-4.8-api\System.Runtime.Serialization.dll" "C:\Program Files\Unity\Hub\Editor\6000.3.4f1\Editor\Data\UnityReferenceAssemblies\unity-4.8-api\System.Transactions.dll" "C:\Program Files\Unity\Hub\Editor\6000.3.4f1\Editor\Data\UnityReferenceAssemblies\unity-4.8-api\System.Xml.dll" "C:\Program Files\Unity\Hub\Editor\6000.3.4f1\Editor\Data\UnityReferenceAssemblies\unity-4.8-api\System.Xml.Linq.dll" "Library\PackageCache\com.unity.nuget.mono-cecil@ecb9724e46ff\Mono.Cecil.dll" "Library\PackageCache\com.unity.nuget.mono-cecil@ecb9724e46ff\Mono.Cecil.Mdb.dll" "Library\PackageCache\com.unity.nuget.mono-cecil@ecb9724e46ff\Mono.Cecil.Pdb.dll" "Library\PackageCache\com.unity.nuget.mono-cecil@ecb9724e46ff\Mono.Cecil.Rocks.dll" "Library\Bee\artifacts\1900b0aE.dag\UnityEngine.UI.dll" "Library\PackageCache\com.unity.collab-proxy@1ec4e416a4af\Lib\Editor\log4netPlastic.dll" "Library\PackageCache\com.unity.collab-proxy@1ec4e416a4af\Lib\Editor\Unity.Plastic.Antlr3.Runtime.dll" "Library\PackageCache\com.unity.collab-proxy@1ec4e416a4af\Lib\Editor\Unity.Plastic.Newtonsoft.Json.dll" "Library\PackageCache\com.unity.collab-proxy@1ec4e416a4af\Lib\Editor\unityplastic.dll" "Library\PackageCache\com.unity.collections@aea9d3bd5e19\Unity.Collections.LowLevel.ILSupport\Unity.Collections.LowLevel.ILSupport.dll" "Library\PackageCache\com.unity.collections@aea9d3bd5e19\Unity.Collections.Tests\System.IO.Hashing\System.IO.Hashing.dll" "Library\PackageCache\com.unity.collections@aea9d3bd5e19\Unity.Collections.Tests\System.Runtime.CompilerServices.Unsafe\System.Runtime.CompilerServices.Unsafe.dll" "Library\PackageCache\com.unity.visualscripting@191c0d7e3b69\Editor\VisualScripting.Core\Dependencies\DotNetZip\Unity.VisualScripting.IonicZip.dll" "Library\PackageCache\com.unity.visualscripting@191c0d7e3b69\Editor\VisualScripting.Core\Dependencies\YamlDotNet\Unity.VisualScripting.YamlDotNet.dll" "Library\PackageCache\com.unity.visualscripting@191c0d7e3b69\Editor\VisualScripting.Core\EditorAssetResources\Unity.VisualScripting.TextureAssets.dll" "Library\PackageCache\com.unity.visualscripting@191c0d7e3b69\Runtime\VisualScripting.Flow\Dependencies\NCalc\Unity.VisualScripting.Antlr3.Runtime.dll" "Library\PackageCache\com.unity.burst@973857688024\Unity.Burst.Unsafe.dll" "C:\Program Files\Unity\Hub\Editor\6000.3.4f1\Editor\Data\Managed\Unity.CompilationPipeline.Common.dll" "Library\PackageCache\com.unity.burst@973857688024\Unity.Burst.CodeGen\Unity.Burst.Cecil.dll" "Library\PackageCache\com.unity.burst@973857688024\Unity.Burst.CodeGen\Unity.Burst.Cecil.Mdb.dll" "Library\PackageCache\com.unity.burst@973857688024\Unity.Burst.CodeGen\Unity.Burst.Cecil.Pdb.dll" "Library\PackageCache\com.unity.burst@973857688024\Unity.Burst.CodeGen\Unity.Burst.Cecil.Rocks.dll" "Library\Bee\artifacts\1900b0aE.dag\Unity.Collections.dll" "Library\Bee\artifacts\1900b0aE.dag\Unity.Mathematics.dll"
##### ExitCode
-1019002813
##### Output
Unhandled Exception: System.InvalidOperationException: Can't find file \\.\pipe\unity-ilpp-77ee9f1ec22d1afddad6d1afa8c1f398

   at Unity.ILPP.Trigger.TriggerApp.WaitForFileExists(String, TimeSpan) + 0x166

   at Unity.ILPP.Trigger.TriggerApp.CreateClient(Arguments) + 0x23

   at Unity.ILPP.Trigger.TriggerApp.<ProcessArgumentsAsync>d__1.MoveNext() + 0x706

--- End of stack trace from previous location ---

   at System.Runtime.ExceptionServices.ExceptionDispatchInfo.Throw() + 0x20

   at System.Runtime.CompilerServices.TaskAwaiter.ThrowForNonSuccess(Task) + 0xb6

   at System.Runtime.CompilerServices.TaskAwaiter.HandleNonSuccessAndDebuggerNotification(Task) + 0x42

   at Unity.ILPP.Trigger.TriggerApp.<RunAsync>d__0.MoveNext() + 0xc7

--- End of stack trace from previous location ---

   at System.Runtime.ExceptionServices.ExceptionDispatchInfo.Throw() + 0x20

   at System.Runtime.CompilerServices.TaskAwaiter.ThrowForNonSuccess(Task) + 0xb6

   at System.Runtime.CompilerServices.TaskAwaiter.HandleNonSuccessAndDebuggerNotification(Task) + 0x42

   at Program.<<Main>$>d__0.MoveNext() + 0x1a3

--- End of stack trace from previous location ---

   at System.Runtime.ExceptionServices.ExceptionDispatchInfo.Throw() + 0x20

   at System.Runtime.CompilerServices.TaskAwaiter.ThrowForNonSuccess(Task) + 0xb6

   at System.Runtime.CompilerServices.TaskAwaiter.HandleNonSuccessAndDebuggerNotification(Task) + 0x42

   at Program.<Main>(String[]) + 0x20

   at Unity.ILPP.Trigger!<BaseAddress>+0x48d5db
*** Tundra build failed (12.73 seconds), 2 items updated, 858 evaluated
## Script Compilation Error for: ILPP-Configuration Library/ilpp-configuration.nevergeneratedoutput
## CmdLine: "C:\Program Files\Unity\Hub\Editor\6000.3.4f1\Editor\Data\Tools\BuildPipeline\Compilation\Unity.ILPP.Trigger\Unity.ILPP.Trigger.exe" @"Library\Bee\artifacts\rsp\4747638433968585886.rsp"
## Output:
Unhandled Exception: System.InvalidOperationException: Can't find file \\.\pipe\unity-ilpp-77ee9f1ec22d1afddad6d1afa8c1f398
   at Unity.ILPP.Trigger.TriggerApp.WaitForFileExists(String, TimeSpan) + 0x166
   at Unity.ILPP.Trigger.TriggerApp.CreateClient(Arguments) + 0x23
   at Unity.ILPP.Trigger.TriggerApp.<ProcessArgumentsAsync>d__1.MoveNext() + 0x706
--- End of stack trace from previous location ---
   at System.Runtime.ExceptionServices.ExceptionDispatchInfo.Throw() + 0x20
   at System.Runtime.CompilerServices.TaskAwaiter.ThrowForNonSuccess(Task) + 0xb6
   at System.Runtime.CompilerServices.TaskAwaiter.HandleNonSuccessAndDebuggerNotification(Task) + 0x42
   at Unity.ILPP.Trigger.TriggerApp.<RunAsync>d__0.MoveNext() + 0xc7
--- End of stack trace from previous location ---
   at System.Runtime.ExceptionServices.ExceptionDispatchInfo.Throw() + 0x20
   at System.Runtime.CompilerServices.TaskAwaiter.ThrowForNonSuccess(Task) + 0xb6
   at System.Runtime.CompilerServices.TaskAwaiter.HandleNonSuccessAndDebuggerNotification(Task) + 0x42
   at Program.<<Main>$>d__0.MoveNext() + 0x1a3
--- End of stack trace from previous location ---
   at System.Runtime.ExceptionServices.ExceptionDispatchInfo.Throw() + 0x20
   at System.Runtime.CompilerServices.TaskAwaiter.ThrowForNonSuccess(Task) + 0xb6
   at System.Runtime.CompilerServices.TaskAwaiter.HandleNonSuccessAndDebuggerNotification(Task) + 0x42
   at Program.<Main>(String[]) + 0x20
   at Unity.ILPP.Trigger!<BaseAddress>+0x48d5db

Unhandled Exception: System.InvalidOperationException: Can't find file \\.\pipe\unity-ilpp-77ee9f1ec22d1afddad6d1afa8c1f398
   at Unity.ILPP.Trigger.TriggerApp.WaitForFileExists(String, TimeSpan) + 0x166
   at Unity.ILPP.Trigger.TriggerApp.CreateClient(Arguments) + 0x23
   at Unity.ILPP.Trigger.TriggerApp.<ProcessArgumentsAsync>d__1.MoveNext() + 0x706
--- End of stack trace from previous location ---
   at System.Runtime.ExceptionServices.ExceptionDispatchInfo.Throw() + 0x20
   at System.Runtime.CompilerServices.TaskAwaiter.ThrowForNonSuccess(Task) + 0xb6
   at System.Runtime.CompilerServices.TaskAwaiter.HandleNonSuccessAndDebuggerNotification(Task) + 0x42
   at Unity.ILPP.Trigger.TriggerApp.<RunAsync>d__0.MoveNext() + 0xc7
--- End of stack trace from previous location ---
   at System.Runtime.ExceptionServices.ExceptionDispatchInfo.Throw() + 0x20
   at System.Runtime.CompilerServices.TaskAwaiter.ThrowForNonSuccess(Task) + 0xb6
   at System.Runtime.CompilerServices.TaskAwaiter.HandleNonSuccessAndDebuggerNotification(Task) + 0x42
   at Program.<<Main>$>d__0.MoveNext() + 0x1a3
--- End of stack trace from previous location ---
   at System.Runtime.ExceptionServices.ExceptionDispatchInfo.Throw() + 0x20
   at System.Runtime.CompilerServices.TaskAwaiter.ThrowForNonSuccess(Task) + 0xb6
   at System.Runtime.CompilerServices.TaskAwaiter.HandleNonSuccessAndDebuggerNotification(Task) + 0x42
   at Program.<Main>(String[]) + 0x20
   at Unity.ILPP.Trigger!<BaseAddress>+0x48d5db
AssetDatabase: script compilation time: 25.512607s
Scripts have compiler errors.
Exiting without the bug reporter. Application will terminate with return code 1